Component: ARM Compiler 5.06 update 6 (build 750) Tool: armlink [4d35ed]

==============================================================================

Section Cross References

    startup_stm32f103xb.o(STACK) refers (Special) to heapauxi.o(.text) for __use_two_region_memory
    startup_stm32f103xb.o(HEAP) refers (Special) to heapauxi.o(.text) for __use_two_region_memory
    startup_stm32f103xb.o(RESET) refers (Special) to heapauxi.o(.text) for __use_two_region_memory
    startup_stm32f103xb.o(RESET) refers to startup_stm32f103xb.o(STACK) for __initial_sp
    startup_stm32f103xb.o(RESET) refers to startup_stm32f103xb.o(.text) for Reset_Handler
    startup_stm32f103xb.o(RESET) refers to stm32f1xx_it.o(i.NMI_Handler) for NMI_Handler
    startup_stm32f103xb.o(RESET) refers to stm32f1xx_it.o(i.HardFault_Handler) for HardFault_Handler
    startup_stm32f103xb.o(RESET) refers to stm32f1xx_it.o(i.MemManage_Handler) for MemManage_Handler
    startup_stm32f103xb.o(RESET) refers to stm32f1xx_it.o(i.BusFault_Handler) for BusFault_Handler
    startup_stm32f103xb.o(RESET) refers to stm32f1xx_it.o(i.UsageFault_Handler) for UsageFault_Handler
    startup_stm32f103xb.o(RESET) refers to stm32f1xx_it.o(i.SVC_Handler) for SVC_Handler
    startup_stm32f103xb.o(RESET) refers to stm32f1xx_it.o(i.DebugMon_Handler) for DebugMon_Handler
    startup_stm32f103xb.o(RESET) refers to stm32f1xx_it.o(i.PendSV_Handler) for PendSV_Handler
    startup_stm32f103xb.o(RESET) refers to stm32f1xx_it.o(i.SysTick_Handler) for SysTick_Handler
    startup_stm32f103xb.o(RESET) refers to stm32f1xx_it.o(i.TIM1_CC_IRQHandler) for TIM1_CC_IRQHandler
    startup_stm32f103xb.o(.text) refers (Special) to heapauxi.o(.text) for __use_two_region_memory
    startup_stm32f103xb.o(.text) refers to system_stm32f1xx.o(i.SystemInit) for SystemInit
    startup_stm32f103xb.o(.text) refers to __main.o(!!!main) for __main
    startup_stm32f103xb.o(.text) refers to startup_stm32f103xb.o(HEAP) for Heap_Mem
    startup_stm32f103xb.o(.text) refers to startup_stm32f103xb.o(STACK) for Stack_Mem
    mpu6050.o(i.MPU6050_Init) refers to stm32f1xx_hal_i2c.o(i.HAL_I2C_Mem_Read) for HAL_I2C_Mem_Read
    mpu6050.o(i.MPU6050_Init) refers to stm32f1xx_hal_i2c.o(i.HAL_I2C_Mem_Write) for HAL_I2C_Mem_Write
    mpu6050.o(i.MPU6050_Init) refers to i2c.o(.bss) for hi2c1
    mpu6050.o(i.MPU6050_Read_Angle) refers to mpu6050.o(i.MPU6050_Read_Data) for MPU6050_Read_Data
    mpu6050.o(i.MPU6050_Read_Angle) refers to f2d.o(x$fpl$f2d) for __aeabi_f2d
    mpu6050.o(i.MPU6050_Read_Angle) refers to pow.o(i.pow) for pow
    mpu6050.o(i.MPU6050_Read_Angle) refers to daddsub_clz.o(x$fpl$dadd) for __aeabi_dadd
    mpu6050.o(i.MPU6050_Read_Angle) refers to sqrt.o(i.sqrt) for sqrt
    mpu6050.o(i.MPU6050_Read_Angle) refers to ddiv.o(x$fpl$ddiv) for __aeabi_ddiv
    mpu6050.o(i.MPU6050_Read_Angle) refers to atan.o(i.atan) for atan
    mpu6050.o(i.MPU6050_Read_Angle) refers to dmul.o(x$fpl$dmul) for __aeabi_dmul
    mpu6050.o(i.MPU6050_Read_Angle) refers to d2f.o(x$fpl$d2f) for __aeabi_d2f
    mpu6050.o(i.MPU6050_Read_Angle) refers to stm32f1xx_hal.o(i.HAL_GetTick) for HAL_GetTick
    mpu6050.o(i.MPU6050_Read_Angle) refers to dflt_clz.o(x$fpl$dfltu) for __aeabi_ui2d
    mpu6050.o(i.MPU6050_Read_Angle) refers to ffix.o(x$fpl$ffix) for __aeabi_f2iz
    mpu6050.o(i.MPU6050_Read_Angle) refers to fflt_clz.o(x$fpl$fflt) for __aeabi_i2f
    mpu6050.o(i.MPU6050_Read_Angle) refers to fdiv.o(x$fpl$fdiv) for __aeabi_fdiv
    mpu6050.o(i.MPU6050_Read_Angle) refers to faddsub_clz.o(x$fpl$fadd) for __aeabi_fadd
    mpu6050.o(i.MPU6050_Read_Angle) refers to mpu6050.o(.data) for .data
    mpu6050.o(i.MPU6050_Read_Data) refers to stm32f1xx_hal_i2c.o(i.HAL_I2C_Mem_Read) for HAL_I2C_Mem_Read
    mpu6050.o(i.MPU6050_Read_Data) refers to fflt_clz.o(x$fpl$fflt) for __aeabi_i2f
    mpu6050.o(i.MPU6050_Read_Data) refers to dflt_clz.o(x$fpl$dflt) for __aeabi_i2d
    mpu6050.o(i.MPU6050_Read_Data) refers to scalbn.o(x$fpl$scalbn) for __ARM_scalbn
    mpu6050.o(i.MPU6050_Read_Data) refers to d2f.o(x$fpl$d2f) for __aeabi_d2f
    mpu6050.o(i.MPU6050_Read_Data) refers to ddiv.o(x$fpl$ddiv) for __aeabi_ddiv
    mpu6050.o(i.MPU6050_Read_Data) refers to i2c.o(.bss) for hi2c1
    mpu6050.o(i.MPU6050_Read_Data) refers to mpu6050.o(.data) for .data
    main.o(i.SystemClock_Config) refers to rt_memclr_w.o(.text) for __aeabi_memclr4
    main.o(i.SystemClock_Config) refers to stm32f1xx_hal_rcc.o(i.HAL_RCC_OscConfig) for HAL_RCC_OscConfig
    main.o(i.SystemClock_Config) refers to stm32f1xx_hal_rcc.o(i.HAL_RCC_ClockConfig) for HAL_RCC_ClockConfig
    main.o(i.main) refers to _printf_percent.o(.ARM.Collect$$_printf_percent$$00000000) for _printf_percent
    main.o(i.main) refers to _printf_d.o(.ARM.Collect$$_printf_percent$$00000009) for _printf_d
    main.o(i.main) refers to _printf_dec.o(.text) for _printf_int_dec
    main.o(i.main) refers to stm32f1xx_hal.o(i.HAL_Init) for HAL_Init
[...]
    ../fplib/daddsub.s                       0x00000000   Number         0  daddsub_clz.o ABSOLUTE
    ../fplib/dcheck1.s                       0x00000000   Number         0  dcheck1.o ABSOLUTE
    ../fplib/dcmpi.s                         0x00000000   Number         0  dcmpi.o ABSOLUTE
    ../fplib/ddiv.s                          0x00000000   Number         0  ddiv.o ABSOLUTE
    ../fplib/dflt.s                          0x00000000   Number         0  dflt_clz.o ABSOLUTE
    ../fplib/dleqf.s                         0x00000000   Number         0  dleqf.o ABSOLUTE
    ../fplib/dmul.s                          0x00000000   Number         0  dmul.o ABSOLUTE
    ../fplib/dnaninf.s                       0x00000000   Number         0  dnaninf.o ABSOLUTE
    ../fplib/dretinf.s                       0x00000000   Number         0  dretinf.o ABSOLUTE
    ../fplib/drleqf.s                        0x00000000   Number         0  drleqf.o ABSOLUTE
    ../fplib/dsqrt.s                         0x00000000   Number         0  dsqrt_noumaal.o ABSOLUTE
    ../fplib/f2d.s                           0x00000000   Number         0  f2d.o ABSOLUTE
    ../fplib/faddsub.s                       0x00000000   Number         0  faddsub_clz.o ABSOLUTE
    ../fplib/fdiv.s                          0x00000000   Number         0  fdiv.o ABSOLUTE
    ../fplib/ffix.s                          0x00000000   Number         0  ffix.o ABSOLUTE
    ../fplib/fflt.s                          0x00000000   Number         0  fflt_clz.o ABSOLUTE
    ../fplib/fnaninf.s                       0x00000000   Number         0  fnaninf.o ABSOLUTE
    ../fplib/fpinit.s                        0x00000000   Number         0  fpinit.o ABSOLUTE
    ../fplib/fretinf.s                       0x00000000   Number         0  fretinf.o ABSOLUTE
    ../fplib/retnan.s                        0x00000000   Number         0  retnan.o ABSOLUTE
    ../fplib/scalbn.s                        0x00000000   Number         0  scalbn.o ABSOLUTE
    ../fplib/trapv.s                         0x00000000   Number         0  trapv.o ABSOLUTE
    ../fplib/usenofp.s                       0x00000000   Number         0  usenofp.o ABSOLUTE
    ../mathlib/atan.c                        0x00000000   Number         0  atan_x.o ABSOLUTE
    ../mathlib/atan.c                        0x00000000   Number         0  atan.o ABSOLUTE
    ../mathlib/dunder.c                      0x00000000   Number         0  dunder.o ABSOLUTE
    ../mathlib/fpclassify.c                  0x00000000   Number         0  fpclassify.o ABSOLUTE
    ../mathlib/poly.c                        0x00000000   Number         0  poly.o ABSOLUTE
    ../mathlib/pow.c                         0x00000000   Number         0  pow.o ABSOLUTE
    ../mathlib/pow.c                         0x00000000   Number         0  pow_x.o ABSOLUTE
    ../mathlib/qnan.c                        0x00000000   Number         0  qnan.o ABSOLUTE
    ../mathlib/sqrt.c                        0x00000000   Number         0  sqrt_x.o ABSOLUTE
    ../mathlib/sqrt.c                        0x00000000   Number         0  sqrt.o ABSOLUTE
    ..\Core\Src\MPU6050.c                    0x00000000   Number         0  mpu6050.o ABSOLUTE
    ..\Core\Src\gpio.c                       0x00000000   Number         0  gpio.o ABSOLUTE
    ..\Core\Src\i2c.c                        0x00000000   Number         0  i2c.o ABSOLUTE
    ..\Core\Src\lcd_16x2.c                   0x00000000   Number         0  lcd_16x2.o ABSOLUTE
    ..\Core\Src\main.c                       0x00000000   Number         0  main.o ABSOLUTE
    ..\Core\Src\stm32f1xx_hal_msp.c          0x00000000   Number         0  stm32f1xx_hal_msp.o ABSOLUTE
    ..\Core\Src\stm32f1xx_it.c               0x00000000   Number         0  stm32f1xx_it.o ABSOLUTE
    ..\Core\Src\system_stm32f1xx.c           0x00000000   Number         0  system_stm32f1xx.o ABSOLUTE
    ..\Core\Src\tim.c                        0x00000000   Number         0  tim.o ABSOLUTE
    ..\Drivers\STM32F1xx_HAL_Driver\Src\stm32f1xx_hal.c 0x00000000   Number         0  stm32f1xx_hal.o ABSOLUTE
    ..\Drivers\STM32F1xx_HAL_Driver\Src\stm32f1xx_hal_cortex.c 0x00000000   Number         0  stm32f1xx_hal_cortex.o ABSOLUTE
    ..\Drivers\STM32F1xx_HAL_Driver\Src\stm32f1xx_hal_dma.c 0x00000000   Number         0  stm32f1xx_hal_dma.o ABSOLUTE
    ..\Drivers\STM32F1xx_HAL_Driver\Src\stm32f1xx_hal_exti.c 0x00000000   Number         0  stm32f1xx_hal_exti.o ABSOLUTE
    ..\Drivers\STM32F1xx_HAL_Driver\Src\stm32f1xx_hal_flash.c 0x00000000   Number         0  stm32f1xx_hal_flash.o ABSOLUTE
    ..\Drivers\STM32F1xx_HAL_Driver\Src\stm32f1xx_hal_flash_ex.c 0x00000000   Number         0  stm32f1xx_hal_flash_ex.o ABSOLUTE
    ..\Drivers\STM32F1xx_HAL_Driver\Src\stm32f1xx_hal_gpio.c 0x00000000   Number         0  stm32f1xx_hal_gpio.o ABSOLUTE
    ..\Drivers\STM32F1xx_HAL_Driver\Src\stm32f1xx_hal_gpio_ex.c 0x00000000   Number         0  stm32f1xx_hal_gpio_ex.o ABSOLUTE
    ..\Drivers\STM32F1xx_HAL_Driver\Src\stm32f1xx_hal_i2c.c 0x00000000   Number         0  stm32f1xx_hal_i2c.o ABSOLUTE
    ..\Drivers\STM32F1xx_HAL_Driver\Src\stm32f1xx_hal_pwr.c 0x00000000   Number         0  stm32f1xx_hal_pwr.o ABSOLUTE
    ..\Drivers\STM32F1xx_HAL_Driver\Src\stm32f1xx_hal_rcc.c 0x00000000   Number         0  stm32f1xx_hal_rcc.o ABSOLUTE
    ..\Drivers\STM32F1xx_HAL_Driver\Src\stm32f1xx_hal_rcc_ex.c 0x00000000   Number         0  stm32f1xx_hal_rcc_ex.o ABSOLUTE
    ..\Drivers\STM32F1xx_HAL_Driver\Src\stm32f1xx_hal_tim.c 0x00000000   Number         0  stm32f1xx_hal_tim.o ABSOLUTE
    ..\Drivers\STM32F1xx_HAL_Driver\Src\stm32f1xx_hal_tim_ex.c 0x00000000   Number         0  stm32f1xx_hal_tim_ex.o ABSOLUTE
    ..\\Core\\Src\\MPU6050.c                 0x00000000   Number         0  mpu6050.o ABSOLUTE
    ..\\Core\\Src\\lcd_16x2.c                0x00000000   Number         0  lcd_16x2.o ABSOLUTE
    dc.s                                     0x00000000   Number         0  dc.o ABSOLUTE
    startup_stm32f103xb.s                    0x00000000   Number         0  startup_stm32f103xb.o ABSOLUTE
    RESET                                    0x08000000   Section      236  startup_stm32f103xb.o(RESET)
    !!!main                                  0x080000ec   Section        8  __main.o(!!!main)
    !!!scatter                               0x080000f4   Section       52  __scatter.o(!!!scatter)
    !!handler_copy                           0x08000128   Section       26  __scatter_copy.o(!!handler_copy)
    !!handler_zi                             0x08000144   Section       28  __scatter_zi.o(!!handler_zi)
    .ARM.Collect$$_printf_percent$$00000000  0x08000160   Section        0  _printf_percent.o(.ARM.Collect$$_printf_percent$$00000000)
    .ARM.Collect$$_printf_percent$$00000009  0x08000160   Section        6  _printf_d.o(.ARM.Collect$$_printf_percent$$00000009)
    .ARM.Collect$$_printf_percent$$00000017  0x08000166   Section        4  _printf_percent_end.o(.ARM.Collect$$_printf_percent$$00000017)
    .ARM.Collect$$libinit$$00000000          0x0800016a   Section        2  libinit.o(.ARM.Collect$$libinit$$00000000)
    .ARM.Collect$$libinit$$00000002          0x0800016c   Section        0  libinit2.o(.ARM.Collect$$libinit$$00000002)
    .ARM.Collect$$libinit$$00000004          0x0800016c   Section        0  libinit2.o(.ARM.Collect$$libinit$$00000004)
    .ARM.Collect$$libinit$$0000000A          0x0800016c   Section        0  libinit2.o(.ARM.Collect$$libinit$$0000000A)
    .ARM.Collect$$libinit$$0000000C          0x0800016c   Section        0  libinit2.o(.ARM.Collect$$libinit$$0000000C)
    .ARM.Collect$$libinit$$0000000E          0x0800016c   Section        0  libinit2.o(.ARM.Collect$$libinit$$0000000E)
    .ARM.Collect$$libinit$$00000011          0x0800016c   Section        0  libinit2.o(.ARM.Collect$$libinit$$00000011)
    .ARM.Collect$$libinit$$00000013          0x0800016c   Section        0  libinit2.o(.ARM.Collect$$libinit$$00000013)
    .ARM.Collect$$libinit$$00000015          0x0800016c   Section        0  libinit2.o(.ARM.Collect$$libinit$$00000015)
    .ARM.Collect$$libinit$$00000017          0x0800016c   Section        0  libinit2.o(.ARM.Collect$$libinit$$00000017)
    .ARM.Collect$$libinit$$00000019          0x0800016c   Section        0  libinit2.o(.ARM.Collect$$libinit$$00000019)
    .ARM.Collect$$libinit$$0000001B          0x0800016c   Section        0  libinit2.o(.ARM.Collect$$libinit$$0000001B)
    .ARM.Collect$$libinit$$0000001D          0x0800016c   Section        0  libinit2.o(.ARM.Collect$$libinit$$0000001D)
    .ARM.Collect$$libinit$$0000001F          0x0800016c   Section        0  libinit2.o(.ARM.Collect$$libinit$$0000001F)
    .ARM.Collect$$libinit$$00000021          0x0800016c   Section        0  libinit2.o(.ARM.Collect$$libinit$$00000021)
    .ARM.Collect$$libinit$$00000023          0x0800016c   Section        0  libinit2.o(.ARM.Collect$$libinit$$00000023)
    .ARM.Collect$$libinit$$00000025          0x0800016c   Section        0  libinit2.o(.ARM.Collect$$libinit$$00000025)
    .ARM.Collect$$libinit$$0000002C          0x0800016c   Section        0  libinit2.o(.ARM.Collect$$libinit$$0000002C)
    .ARM.Collect$$libinit$$0000002E          0x0800016c   Section        0  libinit2.o(.ARM.Collect$$libinit$$0000002E)
    .ARM.Collect$$libinit$$00000030          0x0800016c   Section        0  libinit2.o(.ARM.Collect$$libinit$$00000030)
    .ARM.Collect$$libinit$$00000032          0x0800016c   Section        0  libinit2.o(.ARM.Collect$$libinit$$00000032)
    .ARM.Collect$$libinit$$00000033          0x0800016c   Section        2  libinit2.o(.ARM.Collect$$libinit$$00000033)
    .ARM.Collect$$libshutdown$$00000000      0x0800016e   Section        2  libshutdown.o(.ARM.Collect$$libshutdown$$00000000)
    .ARM.Collect$$libshutdown$$00000002      0x08000170   Section        0  libshutdown2.o(.ARM.Collect$$libshutdown$$00000002)
    .ARM.Collect$$libshutdown$$00000004      0x08000170   Section        0  libshutdown2.o(.ARM.Collect$$libshutdown$$00000004)
    .ARM.Collect$$libshutdown$$00000007      0x08000170   Section        0  libshutdown2.o(.ARM.Collect$$libshutdown$$00000007)
    .ARM.Collect$$libshutdown$$0000000A      0x08000170   Section        0  libshutdown2.o(.ARM.Collect$$libshutdown$$0000000A)
    .ARM.Collect$$libshutdown$$0000000C      0x08000170   Section        0  libshutdown2.o(.ARM.Collect$$libshutdown$$0000000C)
    .ARM.Collect$$libshutdown$$0000000F      0x08000170   Section        0  libshutdown2.o(.ARM.Collect$$libshutdown$$0000000F)
    .ARM.Collect$$libshutdown$$00000010      0x08000170   Section        2  libshutdown2.o(.ARM.Collect$$libshutdown$$00000010)
    .ARM.Collect$$rtentry$$00000000          0x08000172   Section        0  __rtentry.o(.ARM.Collect$$rtentry$$00000000)
    .ARM.Collect$$rtentry$$00000002          0x08000172   Section        0  __rtentry2.o(.ARM.Collect$$rtentry$$00000002)
    .ARM.Collect$$rtentry$$00000004          0x08000172   Section        6  __rtentry4.o(.ARM.Collect$$rtentry$$00000004)
    .ARM.Collect$$rtentry$$00000009          0x08000178   Section        0  __rtentry2.o(.ARM.Collect$$rtentry$$00000009)
    .ARM.Collect$$rtentry$$0000000A          0x08000178   Section        4  __rtentry2.o(.ARM.Collect$$rtentry$$0000000A)
    .ARM.Collect$$rtentry$$0000000C          0x0800017c   Section        0  __rtentry2.o(.ARM.Collect$$rtentry$$0000000C)
    .ARM.Collect$$rtentry$$0000000D          0x0800017c   Section        8  __rtentry2.o(.ARM.Collect$$rtentry$$0000000D)
    .ARM.Collect$$rtexit$$00000000           0x08000184   Section        2  rtexit.o(.ARM.Collect$$rtexit$$00000000)
    .ARM.Collect$$rtexit$$00000002           0x08000186   Section        0  rtexit2.o(.ARM.Collect$$rtexit$$00000002)
    .ARM.Collect$$rtexit$$00000003           0x08000186   Section        4  rtexit2.o(.ARM.Collect$$rtexit$$00000003)
    .ARM.Collect$$rtexit$$00000004           0x0800018a   Section        6  rtexit2.o(.ARM.Collect$$rtexit$$00000004)
    .text                                    0x08000190   Section       64  startup_stm32f103xb.o(.text)
    .text                                    0x080001d0   Section        0  noretval__2sprintf.o(.text)
    .text                                    0x080001f8   Section        0  __printf.o(.text)
    .text                                    0x08000260   Section        0  _printf_dec.o(.text)
    .text                                    0x080002d8   Section        0  strlen.o(.text)
    .text                                    0x08000316   Section       78  rt_memclr_w.o(.text)
    .text                                    0x08000364   Section        0  heapauxi.o(.text)
    .text                                    0x0800036a   Section        0  _rserrno.o(.text)
    .text                                    0x08000380   Section        0  _printf_intcommon.o(.text)
    .text                                    0x08000434   Section        0  _printf_char_common.o(.text)
    _printf_input_char                       0x08000435   Thumb Code    10  _printf_char_common.o(.text)
    .text                                    0x08000464   Section        0  _sputc.o(.text)
    .text                                    0x08000470   Section        8  rt_errno_addr_intlibspace.o(.text)
    .text                                    0x08000478   Section        8  libspace.o(.text)
    .text                                    0x08000480   Section       74  sys_stackheap_outer.o(.text)
    .text                                    0x080004ca   Section        0  exit.o(.text)
    .text                                    0x080004dc   Section        0  sys_exit.o(.text)
    .text                                    0x080004e8   Section        2  use_no_semi.o(.text)
    .text                                    0x080004ea   Section        0  indicate_semi.o(.text)
    i.BusFault_Handler                       0x080004ea   Section        0  stm32f1xx_it.o(i.BusFault_Handler)
    i.DebugMon_Handler                       0x080004ec   Section        0  stm32f1xx_it.o(i.DebugMon_Handler)
    i.Error_Handler                          0x080004ee   Section        0  main.o(i.Error_Handler)
    i.HAL_Delay                              0x080004f4   Section        0  stm32f1xx_hal.o(i.HAL_Delay)
    i.HAL_GPIO_Init                          0x08000518   Section        0  stm32f1xx_hal_gpio.o(i.HAL_GPIO_Init)
    i.HAL_GPIO_WritePin                      0x080006f8   Section        0  stm32f1xx_hal_gpio.o(i.HAL_GPIO_WritePin)
    i.HAL_GetTick                            0x08000704   Section        0  stm32f1xx_hal.o(i.HAL_GetTick)
    i.HAL_I2C_Init                           0x08000710   Section        0  stm32f1xx_hal_i2c.o(i.HAL_I2C_Init)
    i.HAL_I2C_Mem_Read                       0x08000898   Section        0  stm32f1xx_hal_i2c.o(i.HAL_I2C_Mem_Read)
    i.HAL_I2C_Mem_Write                      0x08000ae8   Section        0  stm32f1xx_hal_i2c.o(i.HAL_I2C_Mem_Write)
    i.HAL_I2C_MspInit                        0x08000c18   Section        0  i2c.o(i.HAL_I2C_MspInit)
    i.HAL_IncTick                            0x08000c74   Section        0  stm32f1xx_hal.o(i.HAL_IncTick)
    i.HAL_Init                               0x08000c84   Section        0  stm32f1xx_hal.o(i.HAL_Init)
    i.HAL_InitTick                           0x08000ca8   Section        0  stm32f1xx_hal.o(i.HAL_InitTick)
    i.HAL_MspInit                            0x08000ce8   Section        0  stm32f1xx_hal_msp.o(i.HAL_MspInit)
    i.HAL_NVIC_EnableIRQ                     0x08000d24   Section        0  stm32f1xx_hal_cortex.o(i.HAL_NVIC_EnableIRQ)
    i.HAL_NVIC_SetPriority                   0x08000d40   Section        0  stm32f1xx_hal_cortex.o(i.HAL_NVIC_SetPriority)
    i.HAL_NVIC_SetPriorityGrouping           0x08000d80   Section        0  stm32f1xx_hal_cortex.o(i.HAL_NVIC_SetPriorityGrouping)
    i.HAL_RCC_ClockConfig                    0x08000da4   Section        0  stm32f1xx_hal_rcc.o(i.HAL_RCC_ClockConfig)
    i.HAL_RCC_GetPCLK1Freq                   0x08000ed0   Section        0  stm32f1xx_hal_rcc.o(i.HAL_RCC_GetPCLK1Freq)
    i.HAL_RCC_GetSysClockFreq                0x08000ef0   Section        0  stm32f1xx_hal_rcc.o(i.HAL_RCC_GetSysClockFreq)
    i.HAL_RCC_OscConfig                      0x08000f3c   Section        0  stm32f1xx_hal_rcc.o(i.HAL_RCC_OscConfig)
    i.HAL_SYSTICK_Config                     0x0800125c   Section        0  stm32f1xx_hal_cortex.o(i.HAL_SYSTICK_Config)
    i.HAL_TIMEx_BreakCallback                0x08001284   Section        0  stm32f1xx_hal_tim_ex.o(i.HAL_TIMEx_BreakCallback)
    i.HAL_TIMEx_CommutCallback               0x08001286   Section        0  stm32f1xx_hal_tim_ex.o(i.HAL_TIMEx_CommutCallback)
    i.HAL_TIMEx_MasterConfigSynchronization  0x08001288   Section        0  stm32f1xx_hal_tim_ex.o(i.HAL_TIMEx_MasterConfigSynchronization)
    i.HAL_TIM_Base_Init                      0x080012f0   Section        0  stm32f1xx_hal_tim.o(i.HAL_TIM_Base_Init)
    i.HAL_TIM_Base_MspInit                   0x0800134c   Section        0  tim.o(i.HAL_TIM_Base_MspInit)
    i.HAL_TIM_Base_Start                     0x08001388   Section        0  stm32f1xx_hal_tim.o(i.HAL_TIM_Base_Start)
    i.HAL_TIM_ConfigClockSource              0x080013d8   Section        0  stm32f1xx_hal_tim.o(i.HAL_TIM_ConfigClockSource)
    i.HAL_TIM_IC_CaptureCallback             0x080014b4   Section        0  stm32f1xx_hal_tim.o(i.HAL_TIM_IC_CaptureCallback)
    i.HAL_TIM_IRQHandler                     0x080014b6   Section        0  stm32f1xx_hal_tim.o(i.HAL_TIM_IRQHandler)
    i.HAL_TIM_OC_DelayElapsedCallback        0x0800161c   Section        0  stm32f1xx_hal_tim.o(i.HAL_TIM_OC_DelayElapsedCallback)
    i.HAL_TIM_PWM_PulseFinishedCallback      0x0800161e   Section        0  stm32f1xx_hal_tim.o(i.HAL_TIM_PWM_PulseFinishedCallback)
    i.HAL_TIM_PeriodElapsedCallback          0x08001620   Section        0  stm32f1xx_hal_tim.o(i.HAL_TIM_PeriodElapsedCallback)
    i.HAL_TIM_TriggerCallback                0x08001622   Section        0  stm32f1xx_hal_tim.o(i.HAL_TIM_TriggerCallback)
    i.HardFault_Handler                      0x08001624   Section        0  stm32f1xx_it.o(i.HardFault_Handler)
    i.I2C_IsAcknowledgeFailed                0x08001626   Section        0  stm32f1xx_hal_i2c.o(i.I2C_IsAcknowledgeFailed)
    I2C_IsAcknowledgeFailed                  0x08001627   Thumb Code    46  stm32f1xx_hal_i2c.o(i.I2C_IsAcknowledgeFailed)
    i.I2C_RequestMemoryRead                  0x08001654   Section        0  stm32f1xx_hal_i2c.o(i.I2C_RequestMemoryRead)
    I2C_RequestMemoryRead                    0x08001655   Thumb Code   246  stm32f1xx_hal_i2c.o(i.I2C_RequestMemoryRead)
    i.I2C_RequestMemoryWrite                 0x08001750   Section        0  stm32f1xx_hal_i2c.o(i.I2C_RequestMemoryWrite)
    I2C_RequestMemoryWrite                   0x08001751   Thumb Code   162  stm32f1xx_hal_i2c.o(i.I2C_RequestMemoryWrite)
    i.I2C_WaitOnBTFFlagUntilTimeout          0x080017f8   Section        0  stm32f1xx_hal_i2c.o(i.I2C_WaitOnBTFFlagUntilTimeout)
    I2C_WaitOnBTFFlagUntilTimeout            0x080017f9   Thumb Code    86  stm32f1xx_hal_i2c.o(i.I2C_WaitOnBTFFlagUntilTimeout)
    i.I2C_WaitOnFlagUntilTimeout             0x08001850   Section        0  stm32f1xx_hal_i2c.o(i.I2C_WaitOnFlagUntilTimeout)
    I2C_WaitOnFlagUntilTimeout               0x08001851   Thumb Code   144  stm32f1xx_hal_i2c.o(i.I2C_WaitOnFlagUntilTimeout)
    i.I2C_WaitOnMasterAddressFlagUntilTimeout 0x080018e0   Section        0  stm32f1xx_hal_i2c.o(i.I2C_WaitOnMasterAddressFlagUntilTimeout)
    I2C_WaitOnMasterAddressFlagUntilTimeout  0x080018e1   Thumb Code   188  stm32f1xx_hal_i2c.o(i.I2C_WaitOnMasterAddressFlagUntilTimeout)
    i.I2C_WaitOnRXNEFlagUntilTimeout         0x0800199c   Section        0  stm32f1xx_hal_i2c.o(i.I2C_WaitOnRXNEFlagUntilTimeout)
    I2C_WaitOnRXNEFlagUntilTimeout           0x0800199d   Thumb Code   112  stm32f1xx_hal_i2c.o(i.I2C_WaitOnRXNEFlagUntilTimeout)
    i.I2C_WaitOnTXEFlagUntilTimeout          0x08001a0c   Section        0  stm32f1xx_hal_i2c.o(i.I2C_WaitOnTXEFlagUntilTimeout)
    I2C_WaitOnTXEFlagUntilTimeout            0x08001a0d   Thumb Code    86  stm32f1xx_hal_i2c.o(i.I2C_WaitOnTXEFlagUntilTimeout)
    i.Lcd_Init                               0x08001a62   Section        0  lcd_16x2.o(i.Lcd_Init)
    i.Lcd_configure                          0x08001a90   Section        0  lcd_16x2.o(i.Lcd_configure)
    Lcd_configure                            0x08001a91   Thumb Code   202  lcd_16x2.o(i.Lcd_configure)
    i.Lcd_gotoxy                             0x08001b64   Section        0  lcd_16x2.o(i.Lcd_gotoxy)
    i.Lcd_write_string                       0x08001b7a   Section        0  lcd_16x2.o(i.Lcd_write_string)
    i.MPU6050_Init                           0x08001b98   Section        0  mpu6050.o(i.MPU6050_Init)
    i.MPU6050_Read_Angle                     0x08001c54   Section        0  mpu6050.o(i.MPU6050_Read_Angle)
    i.MPU6050_Read_Data                      0x08001e6c   Section        0  mpu6050.o(i.MPU6050_Read_Data)
    i.MX_GPIO_Init                           0x08001fec   Section        0  gpio.o(i.MX_GPIO_Init)
    i.MX_I2C1_Init                           0x0800205c   Section        0  i2c.o(i.MX_I2C1_Init)
    i.MX_TIM1_Init                           0x0800209c   Section        0  tim.o(i.MX_TIM1_Init)
    i.MemManage_Handler                      0x08002104   Section        0  stm32f1xx_it.o(i.MemManage_Handler)
    i.NMI_Handler                            0x08002106   Section        0  stm32f1xx_it.o(i.NMI_Handler)
    i.PendSV_Handler                         0x08002108   Section        0  stm32f1xx_it.o(i.PendSV_Handler)
    i.SVC_Handler                            0x0800210a   Section        0  stm32f1xx_it.o(i.SVC_Handler)
    i.SysTick_Handler                        0x0800210c   Section        0  stm32f1xx_it.o(i.SysTick_Handler)
    i.SystemClock_Config                     0x08002110   Section        0  main.o(i.SystemClock_Config)
    i.SystemInit                             0x0800216e   Section        0  system_stm32f1xx.o(i.SystemInit)
    i.TIM1_CC_IRQHandler                     0x08002170   Section        0  stm32f1xx_it.o(i.TIM1_CC_IRQHandler)
    i.TIM_Base_SetConfig                     0x0800217c   Section        0  stm32f1xx_hal_tim.o(i.TIM_Base_SetConfig)
    i.TIM_ETR_SetConfig                      0x080021e8   Section        0  stm32f1xx_hal_tim.o(i.TIM_ETR_SetConfig)
    i.TIM_ITRx_SetConfig                     0x080021fc   Section        0  stm32f1xx_hal_tim.o(i.TIM_ITRx_SetConfig)
    TIM_ITRx_SetConfig                       0x080021fd   Thumb Code    16  stm32f1xx_hal_tim.o(i.TIM_ITRx_SetConfig)
    i.TIM_TI1_ConfigInputStage               0x0800220c   Section        0  stm32f1xx_hal_tim.o(i.TIM_TI1_ConfigInputStage)
    TIM_TI1_ConfigInputStage                 0x0800220d   Thumb Code    34  stm32f1xx_hal_tim.o(i.TIM_TI1_ConfigInputStage)
    i.TIM_TI2_ConfigInputStage               0x0800222e   Section        0  stm32f1xx_hal_tim.o(i.TIM_TI2_ConfigInputStage)
    TIM_TI2_ConfigInputStage                 0x0800222f   Thumb Code    36  stm32f1xx_hal_tim.o(i.TIM_TI2_ConfigInputStage)
    i.UsageFault_Handler                     0x08002252   Section        0  stm32f1xx_it.o(i.UsageFault_Handler)
    i.__ARM_fpclassify                       0x08002254   Section        0  fpclassify.o(i.__ARM_fpclassify)
    i.__NVIC_SetPriority                     0x0800227c   Section        0  stm32f1xx_hal_cortex.o(i.__NVIC_SetPriority)
    __NVIC_SetPriority                       0x0800227d   Thumb Code    32  stm32f1xx_hal_cortex.o(i.__NVIC_SetPriority)
    i.__kernel_poly                          0x0800229c   Section        0  poly.o(i.__kernel_poly)
    i.__mathlib_dbl_divzero                  0x08002348   Section        0  dunder.o(i.__mathlib_dbl_divzero)
    i.__mathlib_dbl_infnan                   0x08002358   Section        0  dunder.o(i.__mathlib_dbl_infnan)
    i.__mathlib_dbl_infnan2                  0x0800235e   Section        0  dunder.o(i.__mathlib_dbl_infnan2)
    i.__mathlib_dbl_invalid                  0x08002362   Section        0  dunder.o(i.__mathlib_dbl_invalid)
    i.__mathlib_dbl_overflow                 0x0800236e   Section        0  dunder.o(i.__mathlib_dbl_overflow)
    i.__mathlib_dbl_underflow                0x0800237c   Section        0  dunder.o(i.__mathlib_dbl_underflow)
    i.atan                                   0x0800238c   Section        0  atan.o(i.atan)
    i.lcd_write                              0x080025ac   Section        0  lcd_16x2.o(i.lcd_write)
    lcd_write                                0x080025ad   Thumb Code    88  lcd_16x2.o(i.lcd_write)
    i.lcd_write_command                      0x0800260c   Section        0  lcd_16x2.o(i.lcd_write_command)
    lcd_write_command                        0x0800260d   Thumb Code    36  lcd_16x2.o(i.lcd_write_command)
    i.lcd_write_data                         0x08002634   Section        0  lcd_16x2.o(i.lcd_write_data)
    lcd_write_data                           0x08002635   Thumb Code    36  lcd_16x2.o(i.lcd_write_data)
    i.main                                   0x0800265c   Section        0  main.o(i.main)
    i.pow                                    0x08002704   Section        0  pow.o(i.pow)
    i.sqrt                                   0x080030dc   Section        0  sqrt.o(i.sqrt)
    x$fpl$d2f                                0x08003128   Section       98  d2f.o(x$fpl$d2f)
    x$fpl$dadd                               0x0800318c   Section      336  daddsub_clz.o(x$fpl$dadd)
    _dadd1                                   0x0800319d   Thumb Code     0  daddsub_clz.o(x$fpl$dadd)
    x$fpl$dcheck1                            0x080032dc   Section       16  dcheck1.o(x$fpl$dcheck1)
    x$fpl$dcmpinf                            0x080032ec   Section       24  dcmpi.o(x$fpl$dcmpinf)
    x$fpl$ddiv                               0x08003304   Section      688  ddiv.o(x$fpl$ddiv)
    ddiv_entry                               0x0800330b   Thumb Code     0  ddiv.o(x$fpl$ddiv)
    x$fpl$dflt                               0x080035b4   Section       46  dflt_clz.o(x$fpl$dflt)
    x$fpl$dfltu                              0x080035e2   Section       38  dflt_clz.o(x$fpl$dfltu)
    x$fpl$dleqf                              0x08003608   Section      120  dleqf.o(x$fpl$dleqf)
    x$fpl$dmul                               0x08003680   Section      340  dmul.o(x$fpl$dmul)
    x$fpl$dnaninf                            0x080037d4   Section      156  dnaninf.o(x$fpl$dnaninf)
    x$fpl$dretinf                            0x08003870   Section       12  dretinf.o(x$fpl$dretinf)
    x$fpl$drleqf                             0x0800387c   Section      108  drleqf.o(x$fpl$drleqf)
    x$fpl$drsb                               0x080038e8   Section       22  daddsub_clz.o(x$fpl$drsb)
    x$fpl$dsqrt                              0x08003900   Section      460  dsqrt_noumaal.o(x$fpl$dsqrt)
    x$fpl$dsub                               0x08003acc   Section      468  daddsub_clz.o(x$fpl$dsub)
    _dsub1                                   0x08003add   Thumb Code     0  daddsub_clz.o(x$fpl$dsub)
    x$fpl$f2d                                0x08003ca0   Section       86  f2d.o(x$fpl$f2d)
    x$fpl$fadd                               0x08003cf8   Section      196  faddsub_clz.o(x$fpl$fadd)
    _fadd1                                   0x08003d07   Thumb Code     0  faddsub_clz.o(x$fpl$fadd)
    x$fpl$fdiv                               0x08003dbc   Section      388  fdiv.o(x$fpl$fdiv)
    _fdiv1                                   0x08003dbd   Thumb Code     0  fdiv.o(x$fpl$fdiv)
    x$fpl$ffix                               0x08003f40   Section       54  ffix.o(x$fpl$ffix)
    x$fpl$fflt                               0x08003f78   Section       48  fflt_clz.o(x$fpl$fflt)
    x$fpl$fnaninf                            0x08003fa8   Section      140  fnaninf.o(x$fpl$fnaninf)
    x$fpl$fretinf                            0x08004034   Section       10  fretinf.o(x$fpl$fretinf)
    x$fpl$fsub                               0x08004040   Section      234  faddsub_clz.o(x$fpl$fsub)
    _fsub1                                   0x0800404f   Thumb Code     0  faddsub_clz.o(x$fpl$fsub)
    x$fpl$retnan                             0x0800412a   Section      100  retnan.o(x$fpl$retnan)
    x$fpl$scalbn                             0x0800418e   Section       92  scalbn.o(x$fpl$scalbn)
    x$fpl$trapveneer                         0x080041ea   Section       48  trapv.o(x$fpl$trapveneer)
    .constdata                               0x0800421a   Section       18  stm32f1xx_hal_rcc.o(.constdata)
    x$fpl$usenofp                            0x0800421a   Section        0  usenofp.o(x$fpl$usenofp)
    aPredivFactorTable                       0x0800421a   Data           2  stm32f1xx_hal_rcc.o(.constdata)
    aPLLMULFactorTable                       0x0800421c   Data          16  stm32f1xx_hal_rcc.o(.constdata)
    .constdata                               0x0800422c   Section       16  system_stm32f1xx.o(.constdata)
    .constdata                               0x0800423c   Section        8  system_stm32f1xx.o(.constdata)
    .constdata                               0x08004248   Section      152  atan.o(.constdata)
    atanhi                                   0x08004248   Data          32  atan.o(.constdata)
    atanlo                                   0x08004268   Data          32  atan.o(.constdata)
    aTodd                                    0x08004288   Data          40  atan.o(.constdata)
    aTeven                                   0x080042b0   Data          48  atan.o(.constdata)
    .constdata                               0x080042e0   Section      136  pow.o(.constdata)
    bp                                       0x080042e0   Data          16  pow.o(.constdata)
    dp_h                                     0x080042f0   Data          16  pow.o(.constdata)
    dp_l                                     0x08004300   Data          16  pow.o(.constdata)
    L                                        0x08004310   Data          48  pow.o(.constdata)
    P                                        0x08004340   Data          40  pow.o(.constdata)
    .constdata                               0x08004368   Section        8  qnan.o(.constdata)
    .data                                    0x20000000   Section       24  mpu6050.o(.data)
    .data                                    0x20000018   Section        4  main.o(.data)
    .data                                    0x2000001c   Section       24  lcd_16x2.o(.data)
    .data                                    0x20000034   Section       12  stm32f1xx_hal.o(.data)
    .data                                    0x20000040   Section        4  system_stm32f1xx.o(.data)
    .bss                                     0x20000044   Section       96  main.o(.bss)
    .bss                                     0x200000a4   Section       84  i2c.o(.bss)
    .bss                                     0x200000f8   Section       72  tim.o(.bss)
    .bss                                     0x20000140   Section       96  libspace.o(.bss)
    HEAP                                     0x200001a0   Section      512  startup_stm32f103xb.o(HEAP)
    Heap_Mem                                 0x200001a0   Data         512  startup_stm32f103xb.o(HEAP)
    STACK                                    0x200003a0   Section     1024  startup_stm32f103xb.o(STACK)
    Stack_Mem                                0x200003a0   Data        1024  startup_stm32f103xb.o(STACK)
    __initial_sp                             0x200007a0   Data           0  startup_stm32f103xb.o(STACK)

    Global Symbols

    Symbol Name                              Value     Ov Type        Size  Object(Section)

    BuildAttributes$$THM_ISAv4$P$D$K$B$S$PE$A:L22UL41UL21$X:L11$S22US41US21$IEEE1$IW$USESV6$~STKCKD$USESV7$~SHL$OTIME$ROPI$IEEEX$EBA8$UX$STANDARDLIB$REQ8$PRES8$EABIv2 0x00000000   Number         0  anon$$obj.o ABSOLUTE
    __ARM_use_no_argv                        0x00000000   Number         0  main.o ABSOLUTE
    __ARM_exceptions_init                     - Undefined Weak Reference
    __alloca_initialize                       - Undefined Weak Reference
    __arm_preinit_                            - Undefined Weak Reference
    __cpp_initialize__aeabi_                  - Undefined Weak Reference
    __cxa_finalize                            - Undefined Weak Reference
    __rt_locale                               - Undefined Weak Reference
    __sigvec_lookup                           - Undefined Weak Reference
    _atexit_init                              - Undefined Weak Reference
    _call_atexit_fns                          - Undefined Weak Reference
    _clock_init                               - Undefined Weak Reference
    _fp_trap_init                             - Undefined Weak Reference
    _fp_trap_shutdown                         - Undefined Weak Reference
    _get_lc_collate                           - Undefined Weak Reference
    _get_lc_ctype                             - Undefined Weak Reference
    _get_lc_monetary                          - Undefined Weak Reference
    _get_lc_numeric                           - Undefined Weak Reference
    _get_lc_time                              - Undefined Weak Reference
    _getenv_init                              - Undefined Weak Reference
    _handle_redirection                       - Undefined Weak Reference
    _init_alloc                               - Undefined Weak Reference
    _init_user_alloc                          - Undefined Weak Reference
    _initio                                   - Undefined Weak Reference
    _printf_post_padding                      - Undefined Weak Reference
    _printf_pre_padding                       - Undefined Weak Reference
    _printf_truncate_signed                   - Undefined Weak Reference
    _printf_truncate_unsigned                 - Undefined Weak Reference
    _rand_init                                - Undefined Weak Reference
    _signal_finish                            - Undefined Weak Reference
    _signal_init                              - Undefined Weak Reference
    _terminate_alloc                          - Undefined Weak Reference
    _terminate_user_alloc                     - Undefined Weak Reference
    _terminateio                              - Undefined Weak Reference
    __Vectors_Size                           0x000000ec   Number         0  startup_stm32f103xb.o ABSOLUTE
    __Vectors                                0x08000000   Data           4  startup_stm32f103xb.o(RESET)
    __Vectors_End                            0x080000ec   Data           0  startup_stm32f103xb.o(RESET)
    __main                                   0x080000ed   Thumb Code     8  __main.o(!!!main)
    __scatterload                            0x080000f5   Thumb Code     0  __scatter.o(!!!scatter)
    __scatterload_rt2                        0x080000f5   Thumb Code    44  __scatter.o(!!!scatter)
    __scatterload_rt2_thumb_only             0x080000f5   Thumb Code     0  __scatter.o(!!!scatter)
    __scatterload_null                       0x08000103   Thumb Code     0  __scatter.o(!!!scatter)
    __scatterload_copy                       0x08000129   Thumb Code    26  __scatter_copy.o(!!handler_copy)
    __scatterload_zeroinit                   0x08000145   Thumb Code    28  __scatter_zi.o(!!handler_zi)
    _printf_d                                0x08000161   Thumb Code     0  _printf_d.o(.ARM.Collect$$_printf_percent$$00000009)
    _printf_percent                          0x08000161   Thumb Code     0  _printf_percent.o(.ARM.Collect$$_printf_percent$$00000000)
    _printf_percent_end                      0x08000167   Thumb Code     0  _printf_percent_end.o(.ARM.Collect$$_printf_percent$$00000017)
    __rt_lib_init                            0x0800016b   Thumb Code     0  libinit.o(.ARM.Collect$$libinit$$00000000)
    __rt_lib_init_alloca_1                   0x0800016d   Thumb Code     0  libinit2.o(.ARM.Collect$$libinit$$0000002E)
    __rt_lib_init_argv_1                     0x0800016d   Thumb Code     0  libinit2.o(.ARM.Collect$$libinit$$0000002C)
    __rt_lib_init_atexit_1                   0x0800016d   Thumb Code     0  libinit2.o(.ARM.Collect$$libinit$$0000001B)
    __rt_lib_init_clock_1                    0x0800016d   Thumb Code     0  libinit2.o(.ARM.Collect$$libinit$$00000021)
    __rt_lib_init_cpp_1                      0x0800016d   Thumb Code     0  libinit2.o(.ARM.Collect$$libinit$$00000032)
    __rt_lib_init_exceptions_1               0x0800016d   Thumb Code     0  libinit2.o(.ARM.Collect$$libinit$$00000030)
    __rt_lib_init_fp_1                       0x0800016d   Thumb Code     0  libinit2.o(.ARM.Collect$$libinit$$00000002)
    __rt_lib_init_fp_trap_1                  0x0800016d   Thumb Code     0  libinit2.o(.ARM.Collect$$libinit$$0000001F)
    __rt_lib_init_getenv_1                   0x0800016d   Thumb Code     0  libinit2.o(.ARM.Collect$$libinit$$00000023)
    __rt_lib_init_heap_1                     0x0800016d   Thumb Code     0  libinit2.o(.ARM.Collect$$libinit$$0000000A)
    __rt_lib_init_lc_collate_1               0x0800016d   Thumb Code     0  libinit2.o(.ARM.Collect$$libinit$$00000011)
    __rt_lib_init_lc_ctype_1                 0x0800016d   Thumb Code     0  libinit2.o(.ARM.Collect$$libinit$$00000013)
    __rt_lib_init_lc_monetary_1              0x0800016d   Thumb Code     0  libinit2.o(.ARM.Collect$$libinit$$00000015)
    __rt_lib_init_lc_numeric_1               0x0800016d   Thumb Code     0  libinit2.o(.ARM.Collect$$libinit$$00000017)
    __rt_lib_init_lc_time_1                  0x0800016d   Thumb Code     0  libinit2.o(.ARM.Collect$$libinit$$00000019)
    __rt_lib_init_preinit_1                  0x0800016d   Thumb Code     0  libinit2.o(.ARM.Collect$$libinit$$00000004)
    __rt_lib_init_rand_1                     0x0800016d   Thumb Code     0  libinit2.o(.ARM.Collect$$libinit$$0000000E)
    __rt_lib_init_return                     0x0800016d   Thumb Code     0  libinit2.o(.ARM.Collect$$libinit$$00000033)
    __rt_lib_init_signal_1                   0x0800016d   Thumb Code     0  libinit2.o(.ARM.Collect$$libinit$$0000001D)
    __rt_lib_init_stdio_1                    0x0800016d   Thumb Code     0  libinit2.o(.ARM.Collect$$libinit$$00000025)
    __rt_lib_init_user_alloc_1               0x0800016d   Thumb Code     0  libinit2.o(.ARM.Collect$$libinit$$0000000C)
    __rt_lib_shutdown                        0x0800016f   Thumb Code     0  libshutdown.o(.ARM.Collect$$libshutdown$$00000000)
    __rt_lib_shutdown_cpp_1                  0x08000171   Thumb Code     0  libshutdown2.o(.ARM.Collect$$libshutdown$$00000002)
    __rt_lib_shutdown_fp_trap_1              0x08000171   Thumb Code     0  libshutdown2.o(.ARM.Collect$$libshutdown$$00000007)
    __rt_lib_shutdown_heap_1                 0x08000171   Thumb Code     0  libshutdown2.o(.ARM.Collect$$libshutdown$$0000000F)
    __rt_lib_shutdown_return                 0x08000171   Thumb Code     0  libshutdown2.o(.ARM.Collect$$libshutdown$$00000010)
    __rt_lib_shutdown_signal_1               0x08000171   Thumb Code     0  libshutdown2.o(.ARM.Collect$$libshutdown$$0000000A)
    __rt_lib_shutdown_stdio_1                0x08000171   Thumb Code     0  libshutdown2.o(.ARM.Collect$$libshutdown$$00000004)
    __rt_lib_shutdown_user_alloc_1           0x08000171   Thumb Code     0  libshutdown2.o(.ARM.Collect$$libshutdown$$0000000C)
    __rt_entry                               0x08000173   Thumb Code     0  __rtentry.o(.ARM.Collect$$rtentry$$00000000)
    __rt_entry_presh_1                       0x08000173   Thumb Code     0  __rtentry2.o(.ARM.Collect$$rtentry$$00000002)
    __rt_entry_sh                            0x08000173   Thumb Code     0  __rtentry4.o(.ARM.Collect$$rtentry$$00000004)
    __rt_entry_li                            0x08000179   Thumb Code     0  __rtentry2.o(.ARM.Collect$$rtentry$$0000000A)
    __rt_entry_postsh_1                      0x08000179   Thumb Code     0  __rtentry2.o(.ARM.Collect$$rtentry$$00000009)
    __rt_entry_main                          0x0800017d   Thumb Code     0  __rtentry2.o(.ARM.Collect$$rtentry$$0000000D)
    __rt_entry_postli_1                      0x0800017d   Thumb Code     0  __rtentry2.o(.ARM.Collect$$rtentry$$0000000C)
    __rt_exit                                0x08000185   Thumb Code     0  rtexit.o(.ARM.Collect$$rtexit$$00000000)
    __rt_exit_ls                             0x08000187   Thumb Code     0  rtexit2.o(.ARM.Collect$$rtexit$$00000003)
    __rt_exit_prels_1                        0x08000187   Thumb Code     0  rtexit2.o(.ARM.Collect$$rtexit$$00000002)
    __rt_exit_exit                           0x0800018b   Thumb Code     0  rtexit2.o(.ARM.Collect$$rtexit$$00000004)
    Reset_Handler                            0x08000191   Thumb Code     8  startup_stm32f103xb.o(.text)
    ADC1_2_IRQHandler                        0x080001ab   Thumb Code     0  startup_stm32f103xb.o(.text)
    CAN1_RX1_IRQHandler                      0x080001ab   Thumb Code     0  startup_stm32f103xb.o(.text)
    CAN1_SCE_IRQHandler                      0x080001ab   Thumb Code     0  startup_stm32f103xb.o(.text)
    DMA1_Channel1_IRQHandler                 0x080001ab   Thumb Code     0  startup_stm32f103xb.o(.text)
    DMA1_Channel2_IRQHandler                 0x080001ab   Thumb Code     0  startup_stm32f103xb.o(.text)
    DMA1_Channel3_IRQHandler                 0x080001ab   Thumb Code     0  startup_stm32f103xb.o(.text)
    DMA1_Channel4_IRQHandler                 0x080001ab   Thumb Code     0  startup_stm32f103xb.o(.text)
    DMA1_Channel5_IRQHandler                 0x080001ab   Thumb Code     0  startup_stm32f103xb.o(.text)
    DMA1_Channel6_IRQHandler                 0x080001ab   Thumb Code     0  startup_stm32f103xb.o(.text)
    DMA1_Channel7_IRQHandler                 0x080001ab   Thumb Code     0  startup_stm32f103xb.o(.text)
    EXTI0_IRQHandler                         0x080001ab   Thumb Code     0  startup_stm32f103xb.o(.text)
    EXTI15_10_IRQHandler                     0x080001ab   Thumb Code     0  startup_stm32f103xb.o(.text)
    EXTI1_IRQHandler                         0x080001ab   Thumb Code     0  startup_stm32f103xb.o(.text)
    EXTI2_IRQHandler                         0x080001ab   Thumb Code     0  startup_stm32f103xb.o(.text)
    EXTI3_IRQHandler                         0x080001ab   Thumb Code     0  startup_stm32f103xb.o(.text)
    EXTI4_IRQHandler                         0x080001ab   Thumb Code     0  startup_stm32f103xb.o(.text)
    EXTI9_5_IRQHandler                       0x080001ab   Thumb Code     0  startup_stm32f103xb.o(.text)
    FLASH_IRQHandler                         0x080001ab   Thumb Code     0  startup_stm32f103xb.o(.text)
    I2C1_ER_IRQHandler                       0x080001ab   Thumb Code     0  startup_stm32f103xb.o(.text)
    I2C1_EV_IRQHandler                       0x080001ab   Thumb Code     0  startup_stm32f103xb.o(.text)
    I2C2_ER_IRQHandler                       0x080001ab   Thumb Code     0  startup_stm32f103xb.o(.text)
    I2C2_EV_IRQHandler                       0x080001ab   Thumb Code     0  startup_stm32f103xb.o(.text)
    PVD_IRQHandler                           0x080001ab   Thumb Code     0  startup_stm32f103xb.o(.text)
    RCC_IRQHandler                           0x080001ab   Thumb Code     0  startup_stm32f103xb.o(.text)
    RTC_Alarm_IRQHandler                     0x080001ab   Thumb Code     0  startup_stm32f103xb.o(.text)
    RTC_IRQHandler                           0x080001ab   Thumb Code     0  startup_stm32f103xb.o(.text)
    SPI1_IRQHandler                          0x080001ab   Thumb Code     0  startup_stm32f103xb.o(.text)
    SPI2_IRQHandler                          0x080001ab   Thumb Code     0  startup_stm32f103xb.o(.text)
    TAMPER_IRQHandler                        0x080001ab   Thumb Code     0  startup_stm32f103xb.o(.text)
    TIM1_BRK_IRQHandler                      0x080001ab   Thumb Code     0  startup_stm32f103xb.o(.text)
    TIM1_TRG_COM_IRQHandler                  0x080001ab   Thumb Code     0  startup_stm32f103xb.o(.text)
    TIM1_UP_IRQHandler                       0x080001ab   Thumb Code     0  startup_stm32f103xb.o(.text)
    TIM2_IRQHandler                          0x080001ab   Thumb Code     0  startup_stm32f103xb.o(.text)
    TIM3_IRQHandler                          0x080001ab   Thumb Code     0  startup_stm32f103xb.o(.text)
    TIM4_IRQHandler                          0x080001ab   Thumb Code     0  startup_stm32f103xb.o(.text)
    USART1_IRQHandler                        0x080001ab   Thumb Code     0  startup_stm32f103xb.o(.text)
    USART2_IRQHandler                        0x080001ab   Thumb Code     0  startup_stm32f103xb.o(.text)
    USART3_IRQHandler                        0x080001ab   Thumb Code     0  startup_stm32f103xb.o(.text)
    USBWakeUp_IRQHandler                     0x080001ab   Thumb Code     0  startup_stm32f103xb.o(.text)
    USB_HP_CAN1_TX_IRQHandler                0x080001ab   Thumb Code     0  startup_stm32f103xb.o(.text)
    USB_LP_CAN1_RX0_IRQHandler               0x080001ab   Thumb Code     0  startup_stm32f103xb.o(.text)
    WWDG_IRQHandler                          0x080001ab   Thumb Code     0  startup_stm32f103xb.o(.text)
    __user_initial_stackheap                 0x080001ad   Thumb Code     0  startup_stm32f103xb.o(.text)
    __2sprintf                               0x080001d1   Thumb Code    34  noretval__2sprintf.o(.text)
    __printf                                 0x080001f9   Thumb Code   104  __printf.o(.text)
    _printf_int_dec                          0x08000261   Thumb Code   104  _printf_dec.o(.text)
    strlen                                   0x080002d9   Thumb Code    62  strlen.o(.text)
    __aeabi_memclr4                          0x08000317   Thumb Code     0  rt_memclr_w.o(.text)
    __aeabi_memclr8                          0x08000317   Thumb Code     0  rt_memclr_w.o(.text)
    __rt_memclr_w                            0x08000317   Thumb Code    78  rt_memclr_w.o(.text)
    _memset_w                                0x0800031b   Thumb Code     0  rt_memclr_w.o(.text)
    __use_two_region_memory                  0x08000365   Thumb Code     2  heapauxi.o(.text)
    __rt_heap_escrow$2region                 0x08000367   Thumb Code     2  heapauxi.o(.text)
    __rt_heap_expand$2region                 0x08000369   Thumb Code     2  heapauxi.o(.text)
    __read_errno                             0x0800036b   Thumb Code    10  _rserrno.o(.text)
    __set_errno                              0x08000375   Thumb Code    12  _rserrno.o(.text)
    _printf_int_common                       0x08000381   Thumb Code   178  _printf_intcommon.o(.text)
    _printf_char_common                      0x0800043f   Thumb Code    32  _printf_char_common.o(.text)
    _sputc                                   0x08000465   Thumb Code    10  _sputc.o(.text)
    __aeabi_errno_addr                       0x08000471   Thumb Code     8  rt_errno_addr_intlibspace.o(.text)
    __errno$intlibspace                      0x08000471   Thumb Code     0  rt_errno_addr_intlibspace.o(.text)
    __rt_errno_addr$intlibspace              0x08000471   Thumb Code     0  rt_errno_addr_intlibspace.o(.text)
    __user_libspace                          0x08000479   Thumb Code     8  libspace.o(.text)
    __user_perproc_libspace                  0x08000479   Thumb Code     0  libspace.o(.text)
    __user_perthread_libspace                0x08000479   Thumb Code     0  libspace.o(.text)
    __user_setup_stackheap                   0x08000481   Thumb Code    74  sys_stackheap_outer.o(.text)
    exit                                     0x080004cb   Thumb Code    18  exit.o(.text)
    _sys_exit                                0x080004dd   Thumb Code     8  sys_exit.o(.text)
    __I$use$semihosting                      0x080004e9   Thumb Code     0  use_no_semi.o(.text)
    __use_no_semihosting_swi                 0x080004e9   Thumb Code     2  use_no_semi.o(.text)
    BusFault_Handler                         0x080004eb   Thumb Code     2  stm32f1xx_it.o(i.BusFault_Handler)
    __semihosting_library_function           0x080004eb   Thumb Code     0  indicate_semi.o(.text)
    DebugMon_Handler                         0x080004ed   Thumb Code     2  stm32f1xx_it.o(i.DebugMon_Handler)
    Error_Handler                            0x080004ef   Thumb Code     4  main.o(i.Error_Handler)
    HAL_Delay                                0x080004f5   Thumb Code    32  stm32f1xx_hal.o(i.HAL_Delay)
    HAL_GPIO_Init                            0x08000519   Thumb Code   446  stm32f1xx_hal_gpio.o(i.HAL_GPIO_Init)
    HAL_GPIO_WritePin                        0x080006f9   Thumb Code    10  stm32f1xx_hal_gpio.o(i.HAL_GPIO_WritePin)
    HAL_GetTick                              0x08000705   Thumb Code     6  stm32f1xx_hal.o(i.HAL_GetTick)
    HAL_I2C_Init                             0x08000711   Thumb Code   376  stm32f1xx_hal_i2c.o(i.HAL_I2C_Init)
    HAL_I2C_Mem_Read                         0x08000899   Thumb Code   574  stm32f1xx_hal_i2c.o(i.HAL_I2C_Mem_Read)
    HAL_I2C_Mem_Write                        0x08000ae9   Thumb Code   294  stm32f1xx_hal_i2c.o(i.HAL_I2C_Mem_Write)
    HAL_I2C_MspInit                          0x08000c19   Thumb Code    80  i2c.o(i.HAL_I2C_MspInit)
    HAL_IncTick                              0x08000c75   Thumb Code    12  stm32f1xx_hal.o(i.HAL_IncTick)
    HAL_Init                                 0x08000c85   Thumb Code    32  stm32f1xx_hal.o(i.HAL_Init)
    HAL_InitTick                             0x08000ca9   Thumb Code    54  stm32f1xx_hal.o(i.HAL_InitTick)
    HAL_MspInit                              0x08000ce9   Thumb Code    52  stm32f1xx_hal_msp.o(i.HAL_MspInit)
    HAL_NVIC_EnableIRQ                       0x08000d25   Thumb Code    26  stm32f1xx_hal_cortex.o(i.HAL_NVIC_EnableIRQ)
    HAL_NVIC_SetPriority                     0x08000d41   Thumb Code    60  stm32f1xx_hal_cortex.o(i.HAL_NVIC_SetPriority)
    HAL_NVIC_SetPriorityGrouping             0x08000d81   Thumb Code    26  stm32f1xx_hal_cortex.o(i.HAL_NVIC_SetPriorityGrouping)
    HAL_RCC_ClockConfig                      0x08000da5   Thumb Code   280  stm32f1xx_hal_rcc.o(i.HAL_RCC_ClockConfig)
    HAL_RCC_GetPCLK1Freq                     0x08000ed1   Thumb Code    20  stm32f1xx_hal_rcc.o(i.HAL_RCC_GetPCLK1Freq)
    HAL_RCC_GetSysClockFreq                  0x08000ef1   Thumb Code    58  stm32f1xx_hal_rcc.o(i.HAL_RCC_GetSysClockFreq)
    HAL_RCC_OscConfig                        0x08000f3d   Thumb Code   778  stm32f1xx_hal_rcc.o(i.HAL_RCC_OscConfig)
    HAL_SYSTICK_Config                       0x0800125d   Thumb Code    40  stm32f1xx_hal_cortex.o(i.HAL_SYSTICK_Config)
    HAL_TIMEx_BreakCallback                  0x08001285   Thumb Code     2  stm32f1xx_hal_tim_ex.o(i.HAL_TIMEx_BreakCallback)
    HAL_TIMEx_CommutCallback                 0x08001287   Thumb Code     2  stm32f1xx_hal_tim_ex.o(i.HAL_TIMEx_CommutCallback)
    HAL_TIMEx_MasterConfigSynchronization    0x08001289   Thumb Code    92  stm32f1xx_hal_tim_ex.o(i.HAL_TIMEx_MasterConfigSynchronization)
    HAL_TIM_Base_Init                        0x080012f1   Thumb Code    90  stm32f1xx_hal_tim.o(i.HAL_TIM_Base_Init)
    HAL_TIM_Base_MspInit                     0x0800134d   Thumb Code    50  tim.o(i.HAL_TIM_Base_MspInit)
    HAL_TIM_Base_Start                       0x08001389   Thumb Code    66  stm32f1xx_hal_tim.o(i.HAL_TIM_Base_Start)
    HAL_TIM_ConfigClockSource                0x080013d9   Thumb Code   220  stm32f1xx_hal_tim.o(i.HAL_TIM_ConfigClockSource)
    HAL_TIM_IC_CaptureCallback               0x080014b5   Thumb Code     2  stm32f1xx_hal_tim.o(i.HAL_TIM_IC_CaptureCallback)
    HAL_TIM_IRQHandler                       0x080014b7   Thumb Code   358  stm32f1xx_hal_tim.o(i.HAL_TIM_IRQHandler)
    HAL_TIM_OC_DelayElapsedCallback          0x0800161d   Thumb Code     2  stm32f1xx_hal_tim.o(i.HAL_TIM_OC_DelayElapsedCallback)
    HAL_TIM_PWM_PulseFinishedCallback        0x0800161f   Thumb Code     2  stm32f1xx_hal_tim.o(i.HAL_TIM_PWM_PulseFinishedCallback)
    HAL_TIM_PeriodElapsedCallback            0x08001621   Thumb Code     2  stm32f1xx_hal_tim.o(i.HAL_TIM_PeriodElapsedCallback)
    HAL_TIM_TriggerCallback                  0x08001623   Thumb Code     2  stm32f1xx_hal_tim.o(i.HAL_TIM_TriggerCallback)
    HardFault_Handler                        0x08001625   Thumb Code     2  stm32f1xx_it.o(i.HardFault_Handler)
    Lcd_Init                                 0x08001a63   Thumb Code    46  lcd_16x2.o(i.Lcd_Init)
    Lcd_gotoxy                               0x08001b65   Thumb Code    22  lcd_16x2.o(i.Lcd_gotoxy)
    Lcd_write_string                         0x08001b7b   Thumb Code    30  lcd_16x2.o(i.Lcd_write_string)
    MPU6050_Init                             0x08001b99   Thumb Code   184  mpu6050.o(i.MPU6050_Init)
    MPU6050_Read_Angle                       0x08001c55   Thumb Code   492  mpu6050.o(i.MPU6050_Read_Angle)
    MPU6050_Read_Data                        0x08001e6d   Thumb Code   370  mpu6050.o(i.MPU6050_Read_Data)
    MX_GPIO_Init                             0x08001fed   Thumb Code   102  gpio.o(i.MX_GPIO_Init)
    MX_I2C1_Init                             0x0800205d   Thumb Code    50  i2c.o(i.MX_I2C1_Init)
    MX_TIM1_Init                             0x0800209d   Thumb Code    96  tim.o(i.MX_TIM1_Init)
    MemManage_Handler                        0x08002105   Thumb Code     2  stm32f1xx_it.o(i.MemManage_Handler)
    NMI_Handler                              0x08002107   Thumb Code     2  stm32f1xx_it.o(i.NMI_Handler)
    PendSV_Handler                           0x08002109   Thumb Code     2  stm32f1xx_it.o(i.PendSV_Handler)
    SVC_Handler                              0x0800210b   Thumb Code     2  stm32f1xx_it.o(i.SVC_Handler)
    SysTick_Handler                          0x0800210d   Thumb Code     4  stm32f1xx_it.o(i.SysTick_Handler)
    SystemClock_Config                       0x08002111   Thumb Code    94  main.o(i.SystemClock_Config)
    SystemInit                               0x0800216f   Thumb Code     2  system_stm32f1xx.o(i.SystemInit)
    TIM1_CC_IRQHandler                       0x08002171   Thumb Code     6  stm32f1xx_it.o(i.TIM1_CC_IRQHandler)
    TIM_Base_SetConfig                       0x0800217d   Thumb Code    94  stm32f1xx_hal_tim.o(i.TIM_Base_SetConfig)
    TIM_ETR_SetConfig                        0x080021e9   Thumb Code    20  stm32f1xx_hal_tim.o(i.TIM_ETR_SetConfig)
    UsageFault_Handler                       0x08002253   Thumb Code     2  stm32f1xx_it.o(i.UsageFault_Handler)
    __ARM_fpclassify                         0x08002255   Thumb Code    40  fpclassify.o(i.__ARM_fpclassify)
    __kernel_poly                            0x0800229d   Thumb Code   170  poly.o(i.__kernel_poly)
    __mathlib_dbl_divzero                    0x08002349   Thumb Code    12  dunder.o(i.__mathlib_dbl_divzero)
    __mathlib_dbl_infnan                     0x08002359   Thumb Code     6  dunder.o(i.__mathlib_dbl_infnan)
    __mathlib_dbl_infnan2                    0x0800235f   Thumb Code     4  dunder.o(i.__mathlib_dbl_infnan2)
    __mathlib_dbl_invalid                    0x08002363   Thumb Code    12  dunder.o(i.__mathlib_dbl_invalid)
    __mathlib_dbl_overflow                   0x0800236f   Thumb Code    14  dunder.o(i.__mathlib_dbl_overflow)
    __mathlib_dbl_underflow                  0x0800237d   Thumb Code    10  dunder.o(i.__mathlib_dbl_underflow)
    atan                                     0x0800238d   Thumb Code   474  atan.o(i.atan)
    main                                     0x0800265d   Thumb Code   138  main.o(i.main)
    pow                                      0x08002705   Thumb Code  2512  pow.o(i.pow)
    sqrt                                     0x080030dd   Thumb Code    76  sqrt.o(i.sqrt)
    __aeabi_d2f                              0x08003129   Thumb Code     0  d2f.o(x$fpl$d2f)
    _d2f                                     0x08003129   Thumb Code    98  d2f.o(x$fpl$d2f)
    __aeabi_dadd                             0x0800318d   Thumb Code     0  daddsub_clz.o(x$fpl$dadd)
    _dadd                                    0x0800318d   Thumb Code   332  daddsub_clz.o(x$fpl$dadd)
    __fpl_dcheck_NaN1                        0x080032dd   Thumb Code    10  dcheck1.o(x$fpl$dcheck1)
    __fpl_dcmp_Inf                           0x080032ed   Thumb Code    24  dcmpi.o(x$fpl$dcmpinf)
    __aeabi_ddiv                             0x08003305   Thumb Code     0  ddiv.o(x$fpl$ddiv)
    _ddiv                                    0x08003305   Thumb Code   552  ddiv.o(x$fpl$ddiv)
    __aeabi_i2d                              0x080035b5   Thumb Code     0  dflt_clz.o(x$fpl$dflt)
    _dflt                                    0x080035b5   Thumb Code    46  dflt_clz.o(x$fpl$dflt)
    __aeabi_ui2d                             0x080035e3   Thumb Code     0  dflt_clz.o(x$fpl$dfltu)
    _dfltu                                   0x080035e3   Thumb Code    38  dflt_clz.o(x$fpl$dfltu)
    __aeabi_cdcmple                          0x08003609   Thumb Code     0  dleqf.o(x$fpl$dleqf)
    _dcmple                                  0x08003609   Thumb Code   120  dleqf.o(x$fpl$dleqf)
    __fpl_dcmple_InfNaN                      0x0800366b   Thumb Code     0  dleqf.o(x$fpl$dleqf)
    __aeabi_dmul                             0x08003681   Thumb Code     0  dmul.o(x$fpl$dmul)
    _dmul                                    0x08003681   Thumb Code   332  dmul.o(x$fpl$dmul)
    __fpl_dnaninf                            0x080037d5   Thumb Code   156  dnaninf.o(x$fpl$dnaninf)
    __fpl_dretinf                            0x08003871   Thumb Code    12  dretinf.o(x$fpl$dretinf)
    __aeabi_cdrcmple                         0x0800387d   Thumb Code     0  drleqf.o(x$fpl$drleqf)
    _drcmple                                 0x0800387d   Thumb Code   108  drleqf.o(x$fpl$drleqf)
    __aeabi_drsub                            0x080038e9   Thumb Code     0  daddsub_clz.o(x$fpl$drsb)
    _drsb                                    0x080038e9   Thumb Code    22  daddsub_clz.o(x$fpl$drsb)
    _dsqrt                                   0x08003901   Thumb Code   456  dsqrt_noumaal.o(x$fpl$dsqrt)
    __aeabi_dsub                             0x08003acd   Thumb Code     0  daddsub_clz.o(x$fpl$dsub)
    _dsub                                    0x08003acd   Thumb Code   464  daddsub_clz.o(x$fpl$dsub)
    __aeabi_f2d                              0x08003ca1   Thumb Code     0  f2d.o(x$fpl$f2d)
    _f2d                                     0x08003ca1   Thumb Code    86  f2d.o(x$fpl$f2d)
    __aeabi_fadd                             0x08003cf9   Thumb Code     0  faddsub_clz.o(x$fpl$fadd)
    _fadd                                    0x08003cf9   Thumb Code   196  faddsub_clz.o(x$fpl$fadd)
    __aeabi_fdiv                             0x08003dbd   Thumb Code     0  fdiv.o(x$fpl$fdiv)
    _fdiv                                    0x08003dbd   Thumb Code   384  fdiv.o(x$fpl$fdiv)
    __aeabi_f2iz                             0x08003f41   Thumb Code     0  ffix.o(x$fpl$ffix)
    _ffix                                    0x08003f41   Thumb Code    54  ffix.o(x$fpl$ffix)
    __aeabi_i2f                              0x08003f79   Thumb Code     0  fflt_clz.o(x$fpl$fflt)
    _fflt                                    0x08003f79   Thumb Code    48  fflt_clz.o(x$fpl$fflt)
    __fpl_fnaninf                            0x08003fa9   Thumb Code   140  fnaninf.o(x$fpl$fnaninf)
    __fpl_fretinf                            0x08004035   Thumb Code    10  fretinf.o(x$fpl$fretinf)
    __aeabi_fsub                             0x08004041   Thumb Code     0  faddsub_clz.o(x$fpl$fsub)
    _fsub                                    0x08004041   Thumb Code   234  faddsub_clz.o(x$fpl$fsub)
    __fpl_return_NaN                         0x0800412b   Thumb Code   100  retnan.o(x$fpl$retnan)
    __ARM_scalbn                             0x0800418f   Thumb Code    92  scalbn.o(x$fpl$scalbn)
    __fpl_cmpreturn                          0x080041eb   Thumb Code    48  trapv.o(x$fpl$trapveneer)
    __I$use$fp                               0x0800421a   Number         0  usenofp.o(x$fpl$usenofp)
    AHBPrescTable                            0x0800422c   Data          16  system_stm32f1xx.o(.constdata)
    APBPrescTable                            0x0800423c   Data           8  system_stm32f1xx.o(.constdata)
    __mathlib_zero                           0x08004368   Data           8  qnan.o(.constdata)
    Region$$Table$$Base                      0x08004370   Number         0  anon$$obj.o(Region$$Table)
    Region$$Table$$Limit                     0x08004390   Number         0  anon$$obj.o(Region$$Table)
    timer                                    0x20000000   Data           2  mpu6050.o(.data)
    samples                                  0x20000002   Data           2  mpu6050.o(.data)
    gyro_x_offset                            0x20000004   Data           2  mpu6050.o(.data)
    gyro_y_offset                            0x20000006   Data           2  mpu6050.o(.data)
    gyro_z_offset                            0x20000008   Data           2  mpu6050.o(.data)
    dt                                       0x20000010   Data           8  mpu6050.o(.data)
    isStepDetected                           0x20000018   Data           1  main.o(.data)
    stepCount                                0x2000001a   Data           2  main.o(.data)
    pins                                     0x2000001c   Data           8  lcd_16x2.o(.data)
    ports                                    0x20000024   Data          16  lcd_16x2.o(.data)
    uwTickFreq                               0x20000034   Data           1  stm32f1xx_hal.o(.data)
    uwTickPrio                               0x20000038   Data           4  stm32f1xx_hal.o(.data)
    uwTick                                   0x2000003c   Data           4  stm32f1xx_hal.o(.data)
    SystemCoreClock                          0x20000040   Data           4  system_stm32f1xx.o(.data)
    lcd_buffer                               0x20000044   Data          16  main.o(.bss)
    Raw                                      0x20000054   Data          44  main.o(.bss)
    Angle                                    0x20000080   Data          36  main.o(.bss)
    hi2c1                                    0x200000a4   Data          84  i2c.o(.bss)
    htim1                                    0x200000f8   Data          72  tim.o(.bss)
    __libspace_start                         0x20000140   Data          96  libspace.o(.bss)
    __temporary_stack_top$libspace           0x200001a0   Data           0  libspace.o(.bss)



==============================================================================

Memory Map of the image

  Image Entry point : 0x080000ed

  Load Region LR_IROM1 (Base: 0x08000000, Size: 0x000043d4, Max: 0x00010000, ABSOLUTE)

    Execution Region ER_IROM1 (Exec base: 0x08000000, Load base: 0x08000000, Size: 0x00004390, Max: 0x00010000, ABSOLUTE)

    Exec Addr    Load Addr    Size         Type   Attr      Idx    E Section Name        Object

    0x08000000   0x08000000   0x000000ec   Data   RO            3    RESET               startup_stm32f103xb.o
    0x080000ec   0x080000ec   0x00000008   Code   RO         3015  * !!!main             c_w.l(__main.o)
    0x080000f4   0x080000f4   0x00000034   Code   RO         3302    !!!scatter          c_w.l(__scatter.o)
    0x08000128   0x08000128   0x0000001a   Code   RO         3304    !!handler_copy      c_w.l(__scatter_copy.o)
    0x08000142   0x08000142   0x00000002   PAD
    0x08000144   0x08000144   0x0000001c   Code   RO         3306    !!handler_zi        c_w.l(__scatter_zi.o)
    0x08000160   0x08000160   0x00000000   Code   RO         3008    .ARM.Collect$$_printf_percent$$00000000  c_w.l(_printf_percent.o)
    0x08000160   0x08000160   0x00000006   Code   RO         3007    .ARM.Collect$$_printf_percent$$00000009  c_w.l(_printf_d.o)
    0x08000166   0x08000166   0x00000004   Code   RO         3098    .ARM.Collect$$_printf_percent$$00000017  c_w.l(_printf_percent_end.o)
    0x0800016a   0x0800016a   0x00000002   Code   RO         3173    .ARM.Collect$$libinit$$00000000  c_w.l(libinit.o)
    0x0800016c   0x0800016c   0x00000000   Code   RO         3179    .ARM.Collect$$libinit$$00000002  c_w.l(libinit2.o)
    0x0800016c   0x0800016c   0x00000000   Code   RO         3181    .ARM.Collect$$libinit$$00000004  c_w.l(libinit2.o)
    0x0800016c   0x0800016c   0x00000000   Code   RO         3184    .ARM.Collect$$libinit$$0000000A  c_w.l(libinit2.o)
    0x0800016c   0x0800016c   0x00000000   Code   RO         3186    .ARM.Collect$$libinit$$0000000C  c_w.l(libinit2.o)
    0x0800016c   0x0800016c   0x00000000   Code   RO         3188    .ARM.Collect$$libinit$$0000000E  c_w.l(libinit2.o)
    0x0800016c   0x0800016c   0x00000000   Code   RO         3191    .ARM.Collect$$libinit$$00000011  c_w.l(libinit2.o)
    0x0800016c   0x0800016c   0x00000000   Code   RO         3193    .ARM.Collect$$libinit$$00000013  c_w.l(libinit2.o)
    0x0800016c   0x0800016c   0x00000000   Code   RO         3195    .ARM.Collect$$libinit$$00000015  c_w.l(libinit2.o)
    0x0800016c   0x0800016c   0x00000000   Code   RO         3197    .ARM.Collect$$libinit$$00000017  c_w.l(libinit2.o)
    0x0800016c   0x0800016c   0x00000000   Code   RO         3199    .ARM.Collect$$libinit$$00000019  c_w.l(libinit2.o)
    0x0800016c   0x0800016c   0x00000000   Code   RO         3201    .ARM.Collect$$libinit$$0000001B  c_w.l(libinit2.o)
    0x0800016c   0x0800016c   0x00000000   Code   RO         3203    .ARM.Collect$$libinit$$0000001D  c_w.l(libinit2.o)
    0x0800016c   0x0800016c   0x00000000   Code   RO         3205    .ARM.Collect$$libinit$$0000001F  c_w.l(libinit2.o)
    0x0800016c   0x0800016c   0x00000000   Code   RO         3207    .ARM.Collect$$libinit$$00000021  c_w.l(libinit2.o)
    0x0800016c   0x0800016c   0x00000000   Code   RO         3209    .ARM.Collect$$libinit$$00000023  c_w.l(libinit2.o)
    0x0800016c   0x0800016c   0x00000000   Code   RO         3211    .ARM.Collect$$libinit$$00000025  c_w.l(libinit2.o)
    0x0800016c   0x0800016c   0x00000000   Code   RO         3215    .ARM.Collect$$libinit$$0000002C  c_w.l(libinit2.o)
    0x0800016c   0x0800016c   0x00000000   Code   RO         3217    .ARM.Collect$$libinit$$0000002E  c_w.l(libinit2.o)
    0x0800016c   0x0800016c   0x00000000   Code   RO         3219    .ARM.Collect$$libinit$$00000030  c_w.l(libinit2.o)
    0x0800016c   0x0800016c   0x00000000   Code   RO         3221    .ARM.Collect$$libinit$$00000032  c_w.l(libinit2.o)
    0x0800016c   0x0800016c   0x00000002   Code   RO         3222    .ARM.Collect$$libinit$$00000033  c_w.l(libinit2.o)
    0x0800016e   0x0800016e   0x00000002   Code   RO         3242    .ARM.Collect$$libshutdown$$00000000  c_w.l(libshutdown.o)
    0x08000170   0x08000170   0x00000000   Code   RO         3255    .ARM.Collect$$libshutdown$$00000002  c_w.l(libshutdown2.o)
    0x08000170   0x08000170   0x00000000   Code   RO         3257    .ARM.Collect$$libshutdown$$00000004  c_w.l(libshutdown2.o)
    0x08000170   0x08000170   0x00000000   Code   RO         3260    .ARM.Collect$$libshutdown$$00000007  c_w.l(libshutdown2.o)
    0x08000170   0x08000170   0x00000000   Code   RO         3263    .ARM.Collect$$libshutdown$$0000000A  c_w.l(libshutdown2.o)
    0x08000170   0x08000170   0x00000000   Code   RO         3265    .ARM.Collect$$libshutdown$$0000000C  c_w.l(libshutdown2.o)
    0x08000170   0x08000170   0x00000000   Code   RO         3268    .ARM.Collect$$libshutdown$$0000000F  c_w.l(libshutdown2.o)
    0x08000170   0x08000170   0x00000002   Code   RO         3269    .ARM.Collect$$libshutdown$$00000010  c_w.l(libshutdown2.o)
    0x08000172   0x08000172   0x00000000   Code   RO         3089    .ARM.Collect$$rtentry$$00000000  c_w.l(__rtentry.o)
    0x08000172   0x08000172   0x00000000   Code   RO         3136    .ARM.Collect$$rtentry$$00000002  c_w.l(__rtentry2.o)
    0x08000172   0x08000172   0x00000006   Code   RO         3148    .ARM.Collect$$rtentry$$00000004  c_w.l(__rtentry4.o)
    0x08000178   0x08000178   0x00000000   Code   RO         3138    .ARM.Collect$$rtentry$$00000009  c_w.l(__rtentry2.o)
    0x08000178   0x08000178   0x00000004   Code   RO         3139    .ARM.Collect$$rtentry$$0000000A  c_w.l(__rtentry2.o)
    0x0800017c   0x0800017c   0x00000000   Code   RO         3141    .ARM.Collect$$rtentry$$0000000C  c_w.l(__rtentry2.o)
    0x0800017c   0x0800017c   0x00000008   Code   RO         3142    .ARM.Collect$$rtentry$$0000000D  c_w.l(__rtentry2.o)
    0x08000184   0x08000184   0x00000002   Code   RO         3176    .ARM.Collect$$rtexit$$00000000  c_w.l(rtexit.o)
    0x08000186   0x08000186   0x00000000   Code   RO         3224    .ARM.Collect$$rtexit$$00000002  c_w.l(rtexit2.o)
    0x08000186   0x08000186   0x00000004   Code   RO         3225    .ARM.Collect$$rtexit$$00000003  c_w.l(rtexit2.o)
    0x0800018a   0x0800018a   0x00000006   Code   RO         3226    .ARM.Collect$$rtexit$$00000004  c_w.l(rtexit2.o)
    0x08000190   0x08000190   0x00000040   Code   RO            4    .text               startup_stm32f103xb.o
    0x080001d0   0x080001d0   0x00000028   Code   RO         2981    .text               c_w.l(noretval__2sprintf.o)
    0x080001f8   0x080001f8   0x00000068   Code   RO         2983    .text               c_w.l(__printf.o)
    0x08000260   0x08000260   0x00000078   Code   RO         2985    .text               c_w.l(_printf_dec.o)
    0x080002d8   0x080002d8   0x0000003e   Code   RO         3009    .text               c_w.l(strlen.o)
    0x08000316   0x08000316   0x0000004e   Code   RO         3011    .text               c_w.l(rt_memclr_w.o)
    0x08000364   0x08000364   0x00000006   Code   RO         3013    .text               c_w.l(heapauxi.o)
    0x0800036a   0x0800036a   0x00000016   Code   RO         3090    .text               c_w.l(_rserrno.o)
    0x08000380   0x08000380   0x000000b2   Code   RO         3092    .text               c_w.l(_printf_intcommon.o)
    0x08000432   0x08000432   0x00000002   PAD
    0x08000434   0x08000434   0x00000030   Code   RO         3094    .text               c_w.l(_printf_char_common.o)
    0x08000464   0x08000464   0x0000000a   Code   RO         3096    .text               c_w.l(_sputc.o)
    0x0800046e   0x0800046e   0x00000002   PAD
    0x08000470   0x08000470   0x00000008   Code   RO         3153    .text               c_w.l(rt_errno_addr_intlibspace.o)
    0x08000478   0x08000478   0x00000008   Code   RO         3161    .text               c_w.l(libspace.o)
    0x08000480   0x08000480   0x0000004a   Code   RO         3164    .text               c_w.l(sys_stackheap_outer.o)
    0x080004ca   0x080004ca   0x00000012   Code   RO         3166    .text               c_w.l(exit.o)
    0x080004dc   0x080004dc   0x0000000c   Code   RO         3234    .text               c_w.l(sys_exit.o)
    0x080004e8   0x080004e8   0x00000002   Code   RO         3245    .text               c_w.l(use_no_semi.o)
    0x080004ea   0x080004ea   0x00000000   Code   RO         3247    .text               c_w.l(indicate_semi.o)
    0x080004ea   0x080004ea   0x00000002   Code   RO          323    i.BusFault_Handler  stm32f1xx_it.o
    0x080004ec   0x080004ec   0x00000002   Code   RO          324    i.DebugMon_Handler  stm32f1xx_it.o
    0x080004ee   0x080004ee   0x00000004   Code   RO          151    i.Error_Handler     main.o
    0x080004f2   0x080004f2   0x00000002   PAD
    0x080004f4   0x080004f4   0x00000024   Code   RO          997    i.HAL_Delay         stm32f1xx_hal.o
    0x08000518   0x08000518   0x000001e0   Code   RO         1307    i.HAL_GPIO_Init     stm32f1xx_hal_gpio.o
    0x080006f8   0x080006f8   0x0000000a   Code   RO         1311    i.HAL_GPIO_WritePin  stm32f1xx_hal_gpio.o
    0x08000702   0x08000702   0x00000002   PAD
    0x08000704   0x08000704   0x0000000c   Code   RO         1001    i.HAL_GetTick       stm32f1xx_hal.o
    0x08000710   0x08000710   0x00000188   Code   RO          564    i.HAL_I2C_Init      stm32f1xx_hal_i2c.o
    0x08000898   0x08000898   0x00000250   Code   RO          582    i.HAL_I2C_Mem_Read  stm32f1xx_hal_i2c.o
    0x08000ae8   0x08000ae8   0x00000130   Code   RO          585    i.HAL_I2C_Mem_Write  stm32f1xx_hal_i2c.o
    0x08000c18   0x08000c18   0x0000005c   Code   RO          240    i.HAL_I2C_MspInit   i2c.o
    0x08000c74   0x08000c74   0x00000010   Code   RO         1007    i.HAL_IncTick       stm32f1xx_hal.o
    0x08000c84   0x08000c84   0x00000024   Code   RO         1008    i.HAL_Init          stm32f1xx_hal.o
    0x08000ca8   0x08000ca8   0x00000040   Code   RO         1009    i.HAL_InitTick      stm32f1xx_hal.o
    0x08000ce8   0x08000ce8   0x0000003c   Code   RO          405    i.HAL_MspInit       stm32f1xx_hal_msp.o
    0x08000d24   0x08000d24   0x0000001a   Code   RO         1467    i.HAL_NVIC_EnableIRQ  stm32f1xx_hal_cortex.o
    0x08000d3e   0x08000d3e   0x00000002   PAD
    0x08000d40   0x08000d40   0x00000040   Code   RO         1473    i.HAL_NVIC_SetPriority  stm32f1xx_hal_cortex.o
    0x08000d80   0x08000d80   0x00000024   Code   RO         1474    i.HAL_NVIC_SetPriorityGrouping  stm32f1xx_hal_cortex.o
    0x08000da4   0x08000da4   0x0000012c   Code   RO         1165    i.HAL_RCC_ClockConfig  stm32f1xx_hal_rcc.o
    0x08000ed0   0x08000ed0   0x00000020   Code   RO         1172    i.HAL_RCC_GetPCLK1Freq  stm32f1xx_hal_rcc.o
    0x08000ef0   0x08000ef0   0x0000004c   Code   RO         1174    i.HAL_RCC_GetSysClockFreq  stm32f1xx_hal_rcc.o
    0x08000f3c   0x08000f3c   0x00000320   Code   RO         1177    i.HAL_RCC_OscConfig  stm32f1xx_hal_rcc.o
    0x0800125c   0x0800125c   0x00000028   Code   RO         1478    i.HAL_SYSTICK_Config  stm32f1xx_hal_cortex.o
    0x08001284   0x08001284   0x00000002   Code   RO         2673    i.HAL_TIMEx_BreakCallback  stm32f1xx_hal_tim_ex.o
    0x08001286   0x08001286   0x00000002   Code   RO         2674    i.HAL_TIMEx_CommutCallback  stm32f1xx_hal_tim_ex.o
    0x08001288   0x08001288   0x00000068   Code   RO         2692    i.HAL_TIMEx_MasterConfigSynchronization  stm32f1xx_hal_tim_ex.o
    0x080012f0   0x080012f0   0x0000005a   Code   RO         1969    i.HAL_TIM_Base_Init  stm32f1xx_hal_tim.o
    0x0800134a   0x0800134a   0x00000002   PAD
    0x0800134c   0x0800134c   0x0000003c   Code   RO          282    i.HAL_TIM_Base_MspInit  tim.o
    0x08001388   0x08001388   0x00000050   Code   RO         1972    i.HAL_TIM_Base_Start  stm32f1xx_hal_tim.o
    0x080013d8   0x080013d8   0x000000dc   Code   RO         1978    i.HAL_TIM_ConfigClockSource  stm32f1xx_hal_tim.o
    0x080014b4   0x080014b4   0x00000002   Code   RO         2003    i.HAL_TIM_IC_CaptureCallback  stm32f1xx_hal_tim.o
    0x080014b6   0x080014b6   0x00000166   Code   RO         2017    i.HAL_TIM_IRQHandler  stm32f1xx_hal_tim.o
    0x0800161c   0x0800161c   0x00000002   Code   RO         2020    i.HAL_TIM_OC_DelayElapsedCallback  stm32f1xx_hal_tim.o
    0x0800161e   0x0800161e   0x00000002   Code   RO         2047    i.HAL_TIM_PWM_PulseFinishedCallback  stm32f1xx_hal_tim.o
    0x08001620   0x08001620   0x00000002   Code   RO         2055    i.HAL_TIM_PeriodElapsedCallback  stm32f1xx_hal_tim.o
    0x08001622   0x08001622   0x00000002   Code   RO         2060    i.HAL_TIM_TriggerCallback  stm32f1xx_hal_tim.o
    0x08001624   0x08001624   0x00000002   Code   RO          325    i.HardFault_Handler  stm32f1xx_it.o
    0x08001626   0x08001626   0x0000002e   Code   RO          607    i.I2C_IsAcknowledgeFailed  stm32f1xx_hal_i2c.o
    0x08001654   0x08001654   0x000000fc   Code   RO          617    i.I2C_RequestMemoryRead  stm32f1xx_hal_i2c.o
    0x08001750   0x08001750   0x000000a8   Code   RO          618    i.I2C_RequestMemoryWrite  stm32f1xx_hal_i2c.o
    0x080017f8   0x080017f8   0x00000056   Code   RO          622    i.I2C_WaitOnBTFFlagUntilTimeout  stm32f1xx_hal_i2c.o
    0x0800184e   0x0800184e   0x00000002   PAD
    0x08001850   0x08001850   0x00000090   Code   RO          623    i.I2C_WaitOnFlagUntilTimeout  stm32f1xx_hal_i2c.o
    0x080018e0   0x080018e0   0x000000bc   Code   RO          624    i.I2C_WaitOnMasterAddressFlagUntilTimeout  stm32f1xx_hal_i2c.o
    0x0800199c   0x0800199c   0x00000070   Code   RO          625    i.I2C_WaitOnRXNEFlagUntilTimeout  stm32f1xx_hal_i2c.o
    0x08001a0c   0x08001a0c   0x00000056   Code   RO          626    i.I2C_WaitOnTXEFlagUntilTimeout  stm32f1xx_hal_i2c.o
    0x08001a62   0x08001a62   0x0000002e   Code   RO          429    i.Lcd_Init          lcd_16x2.o
    0x08001a90   0x08001a90   0x000000d4   Code   RO          432    i.Lcd_configure     lcd_16x2.o
    0x08001b64   0x08001b64   0x00000016   Code   RO          434    i.Lcd_gotoxy        lcd_16x2.o
    0x08001b7a   0x08001b7a   0x0000001e   Code   RO          437    i.Lcd_write_string  lcd_16x2.o
    0x08001b98   0x08001b98   0x000000bc   Code   RO           13    i.MPU6050_Init      mpu6050.o
    0x08001c54   0x08001c54   0x00000218   Code   RO           14    i.MPU6050_Read_Angle  mpu6050.o
    0x08001e6c   0x08001e6c   0x00000180   Code   RO           15    i.MPU6050_Read_Data  mpu6050.o
    0x08001fec   0x08001fec   0x00000070   Code   RO          215    i.MX_GPIO_Init      gpio.o
    0x0800205c   0x0800205c   0x00000040   Code   RO          241    i.MX_I2C1_Init      i2c.o
    0x0800209c   0x0800209c   0x00000068   Code   RO          283    i.MX_TIM1_Init      tim.o
    0x08002104   0x08002104   0x00000002   Code   RO          326    i.MemManage_Handler  stm32f1xx_it.o
    0x08002106   0x08002106   0x00000002   Code   RO          327    i.NMI_Handler       stm32f1xx_it.o
    0x08002108   0x08002108   0x00000002   Code   RO          328    i.PendSV_Handler    stm32f1xx_it.o
    0x0800210a   0x0800210a   0x00000002   Code   RO          329    i.SVC_Handler       stm32f1xx_it.o
    0x0800210c   0x0800210c   0x00000004   Code   RO          330    i.SysTick_Handler   stm32f1xx_it.o
    0x08002110   0x08002110   0x0000005e   Code   RO          152    i.SystemClock_Config  main.o
    0x0800216e   0x0800216e   0x00000002   Code   RO         2941    i.SystemInit        system_stm32f1xx.o
    0x08002170   0x08002170   0x0000000c   Code   RO          331    i.TIM1_CC_IRQHandler  stm32f1xx_it.o
    0x0800217c   0x0800217c   0x0000006c   Code   RO         2062    i.TIM_Base_SetConfig  stm32f1xx_hal_tim.o
    0x080021e8   0x080021e8   0x00000014   Code   RO         2073    i.TIM_ETR_SetConfig  stm32f1xx_hal_tim.o
    0x080021fc   0x080021fc   0x00000010   Code   RO         2074    i.TIM_ITRx_SetConfig  stm32f1xx_hal_tim.o
    0x0800220c   0x0800220c   0x00000022   Code   RO         2080    i.TIM_TI1_ConfigInputStage  stm32f1xx_hal_tim.o
    0x0800222e   0x0800222e   0x00000024   Code   RO         2082    i.TIM_TI2_ConfigInputStage  stm32f1xx_hal_tim.o
    0x08002252   0x08002252   0x00000002   Code   RO          332    i.UsageFault_Handler  stm32f1xx_it.o
    0x08002254   0x08002254   0x00000028   Code   RO         3130    i.__ARM_fpclassify  m_ws.l(fpclassify.o)
    0x0800227c   0x0800227c   0x00000020   Code   RO         1480    i.__NVIC_SetPriority  stm32f1xx_hal_cortex.o
    0x0800229c   0x0800229c   0x000000aa   Code   RO         3132    i.__kernel_poly     m_ws.l(poly.o)
    0x08002346   0x08002346   0x00000002   PAD
    0x08002348   0x08002348   0x00000010   Code   RO         3116    i.__mathlib_dbl_divzero  m_ws.l(dunder.o)
    0x08002358   0x08002358   0x00000006   Code   RO         3117    i.__mathlib_dbl_infnan  m_ws.l(dunder.o)
    0x0800235e   0x0800235e   0x00000004   Code   RO         3118    i.__mathlib_dbl_infnan2  m_ws.l(dunder.o)
    0x08002362   0x08002362   0x0000000c   Code   RO         3119    i.__mathlib_dbl_invalid  m_ws.l(dunder.o)
    0x0800236e   0x0800236e   0x0000000e   Code   RO         3120    i.__mathlib_dbl_overflow  m_ws.l(dunder.o)
    0x0800237c   0x0800237c   0x00000010   Code   RO         3122    i.__mathlib_dbl_underflow  m_ws.l(dunder.o)
    0x0800238c   0x0800238c   0x00000220   Code   RO         3062    i.atan              m_ws.l(atan.o)
    0x080025ac   0x080025ac   0x00000060   Code   RO          438    i.lcd_write         lcd_16x2.o
    0x0800260c   0x0800260c   0x00000028   Code   RO          439    i.lcd_write_command  lcd_16x2.o
    0x08002634   0x08002634   0x00000028   Code   RO          440    i.lcd_write_data    lcd_16x2.o
    0x0800265c   0x0800265c   0x000000a8   Code   RO          153    i.main              main.o
    0x08002704   0x08002704   0x000009d8   Code   RO         3072    i.pow               m_ws.l(pow.o)
    0x080030dc   0x080030dc   0x0000004c   Code   RO         3082    i.sqrt              m_ws.l(sqrt.o)
    0x08003128   0x08003128   0x00000062   Code   RO         3017    x$fpl$d2f           fz_ws.l(d2f.o)
    0x0800318a   0x0800318a   0x00000002   PAD
    0x0800318c   0x0800318c   0x00000150   Code   RO         3019    x$fpl$dadd          fz_ws.l(daddsub_clz.o)
    0x080032dc   0x080032dc   0x00000010   Code   RO         3099    x$fpl$dcheck1       fz_ws.l(dcheck1.o)
    0x080032ec   0x080032ec   0x00000018   Code   RO         3157    x$fpl$dcmpinf       fz_ws.l(dcmpi.o)
    0x08003304   0x08003304   0x000002b0   Code   RO         3026    x$fpl$ddiv          fz_ws.l(ddiv.o)
    0x080035b4   0x080035b4   0x0000002e   Code   RO         3030    x$fpl$dflt          fz_ws.l(dflt_clz.o)
    0x080035e2   0x080035e2   0x00000026   Code   RO         3029    x$fpl$dfltu         fz_ws.l(dflt_clz.o)
    0x08003608   0x08003608   0x00000078   Code   RO         3101    x$fpl$dleqf         fz_ws.l(dleqf.o)
    0x08003680   0x08003680   0x00000154   Code   RO         3035    x$fpl$dmul          fz_ws.l(dmul.o)
    0x080037d4   0x080037d4   0x0000009c   Code   RO         3103    x$fpl$dnaninf       fz_ws.l(dnaninf.o)
    0x08003870   0x08003870   0x0000000c   Code   RO         3105    x$fpl$dretinf       fz_ws.l(dretinf.o)
    0x0800387c   0x0800387c   0x0000006c   Code   RO         3107    x$fpl$drleqf        fz_ws.l(drleqf.o)
    0x080038e8   0x080038e8   0x00000016   Code   RO         3020    x$fpl$drsb          fz_ws.l(daddsub_clz.o)
    0x080038fe   0x080038fe   0x00000002   PAD
    0x08003900   0x08003900   0x000001cc   Code   RO         3109    x$fpl$dsqrt         fz_ws.l(dsqrt_noumaal.o)
    0x08003acc   0x08003acc   0x000001d4   Code   RO         3021    x$fpl$dsub          fz_ws.l(daddsub_clz.o)
    0x08003ca0   0x08003ca0   0x00000056   Code   RO         3037    x$fpl$f2d           fz_ws.l(f2d.o)
    0x08003cf6   0x08003cf6   0x00000002   PAD
    0x08003cf8   0x08003cf8   0x000000c4   Code   RO         3039    x$fpl$fadd          fz_ws.l(faddsub_clz.o)
    0x08003dbc   0x08003dbc   0x00000184   Code   RO         3046    x$fpl$fdiv          fz_ws.l(fdiv.o)
    0x08003f40   0x08003f40   0x00000036   Code   RO         3049    x$fpl$ffix          fz_ws.l(ffix.o)
    0x08003f76   0x08003f76   0x00000002   PAD
    0x08003f78   0x08003f78   0x00000030   Code   RO         3054    x$fpl$fflt          fz_ws.l(fflt_clz.o)
    0x08003fa8   0x08003fa8   0x0000008c   Code   RO         3111    x$fpl$fnaninf       fz_ws.l(fnaninf.o)
    0x08004034   0x08004034   0x0000000a   Code   RO         3113    x$fpl$fretinf       fz_ws.l(fretinf.o)
    0x0800403e   0x0800403e   0x00000002   PAD
    0x08004040   0x08004040   0x000000ea   Code   RO         3041    x$fpl$fsub          fz_ws.l(faddsub_clz.o)
    0x0800412a   0x0800412a   0x00000064   Code   RO         3159    x$fpl$retnan        fz_ws.l(retnan.o)
    0x0800418e   0x0800418e   0x0000005c   Code   RO         3059    x$fpl$scalbn        fz_ws.l(scalbn.o)
    0x080041ea   0x080041ea   0x00000030   Code   RO         3174    x$fpl$trapveneer    fz_ws.l(trapv.o)
    0x0800421a   0x0800421a   0x00000000   Code   RO         3115    x$fpl$usenofp       fz_ws.l(usenofp.o)
    0x0800421a   0x0800421a   0x00000012   Data   RO         1178    .constdata          stm32f1xx_hal_rcc.o
    0x0800422c   0x0800422c   0x00000010   Data   RO         2942    .constdata          system_stm32f1xx.o
    0x0800423c   0x0800423c   0x00000008   Data   RO         2943    .constdata          system_stm32f1xx.o
    0x08004244   0x08004244   0x00000004   PAD
    0x08004248   0x08004248   0x00000098   Data   RO         3063    .constdata          m_ws.l(atan.o)
    0x080042e0   0x080042e0   0x00000088   Data   RO         3073    .constdata          m_ws.l(pow.o)
    0x08004368   0x08004368   0x00000008   Data   RO         3134    .constdata          m_ws.l(qnan.o)
    0x08004370   0x08004370   0x00000020   Data   RO         3300    Region$$Table       anon$$obj.o


    Execution Region RW_IRAM1 (Exec base: 0x20000000, Load base: 0x08004390, Size: 0x000007a0, Max: 0x00005000, ABSOLUTE)

    Exec Addr    Load Addr    Size         Type   Attr      Idx    E Section Name        Object

    0x20000000   0x08004390   0x00000018   Data   RW           22    .data               mpu6050.o
    0x20000018   0x080043a8   0x00000004   Data   RW          155    .data               main.o
    0x2000001c   0x080043ac   0x00000018   Data   RW          441    .data               lcd_16x2.o
    0x20000034   0x080043c4   0x0000000c   Data   RW         1015    .data               stm32f1xx_hal.o
    0x20000040   0x080043d0   0x00000004   Data   RW         2944    .data               system_stm32f1xx.o
    0x20000044        -       0x00000060   Zero   RW          154    .bss                main.o
    0x200000a4        -       0x00000054   Zero   RW          242    .bss                i2c.o
    0x200000f8        -       0x00000048   Zero   RW          284    .bss                tim.o
    0x20000140        -       0x00000060   Zero   RW         3162    .bss                c_w.l(libspace.o)
    0x200001a0        -       0x00000200   Zero   RW            2    HEAP                startup_stm32f103xb.o
    0x200003a0        -       0x00000400   Zero   RW            1    STACK               startup_stm32f103xb.o


==============================================================================

Image component sizes


      Code (inc. data)   RO Data    RW Data    ZI Data      Debug   Object Name

       112         10          0          0          0        867   gpio.o
       156         26          0          0         84       1545   i2c.o
       486         26          0         24          0       4290   lcd_16x2.o
       266         30          0          4         96       2424   main.o
      1108         62          0         24          0     428728   mpu6050.o
        64         26        236          0       1536        788   startup_stm32f103xb.o
       164         28          0         12          0       5729   stm32f1xx_hal.o
       198         14          0          0          0      28815   stm32f1xx_hal_cortex.o
       490         34          0          0          0       2824   stm32f1xx_hal_gpio.o
      2370         56          0          0          0      12714   stm32f1xx_hal_i2c.o
        60          8          0          0          0        826   stm32f1xx_hal_msp.o
      1208         72         18          0          0       4449   stm32f1xx_hal_rcc.o
       972         28          0          0          0       9962   stm32f1xx_hal_tim.o
       108         12          0          0          0       2321   stm32f1xx_hal_tim_ex.o
        32          6          0          0          0       4103   stm32f1xx_it.o
         2          0         24          4          0       1055   system_stm32f1xx.o
       164         18          0          0         72       1574   tim.o

    ----------------------------------------------------------------------
      7970        456        314         68       1788     513014   Object Totals
         0          0         32          0          0          0   (incl. Generated)
        10          0          4          0          0          0   (incl. Padding)

    ----------------------------------------------------------------------

      Code (inc. data)   RO Data    RW Data    ZI Data      Debug   Library Member Name

         8          0          0          0          0         68   __main.o
       104          0          0          0          0         84   __printf.o
         0          0          0          0          0          0   __rtentry.o
        12          0          0          0          0          0   __rtentry2.o
         6          0          0          0          0          0   __rtentry4.o
        52          8          0          0          0          0   __scatter.o
        26          0          0          0          0          0   __scatter_copy.o
        28          0          0          0          0          0   __scatter_zi.o
        48          6          0          0          0         96   _printf_char_common.o
         6          0          0          0          0          0   _printf_d.o
       120         16          0          0          0         92   _printf_dec.o
       178          0          0          0          0         88   _printf_intcommon.o
         0          0          0          0          0          0   _printf_percent.o
         4          0          0          0          0          0   _printf_percent_end.o
        22          0          0          0          0        100   _rserrno.o
        10          0          0          0          0         68   _sputc.o
        18          0          0          0          0         80   exit.o
         6          0          0          0          0        152   heapauxi.o
         0          0          0          0          0          0   indicate_semi.o
         2          0          0          0          0          0   libinit.o
         2          0          0          0          0          0   libinit2.o
         2          0          0          0          0          0   libshutdown.o
         2          0          0          0          0          0   libshutdown2.o
         8          4          0          0         96         68   libspace.o
        40          6          0          0          0         84   noretval__2sprintf.o
         8          4          0          0          0         68   rt_errno_addr_intlibspace.o
        78          0          0          0          0         80   rt_memclr_w.o
         2          0          0          0          0          0   rtexit.o
        10          0          0          0          0          0   rtexit2.o
        62          0          0          0          0         76   strlen.o
        12          4          0          0          0         68   sys_exit.o
        74          0          0          0          0         80   sys_stackheap_outer.o
         2          0          0          0          0         68   use_no_semi.o
        98          4          0          0          0         92   d2f.o
       826         16          0          0          0        348   daddsub_clz.o
        16          4          0          0          0         68   dcheck1.o
        24          0          0          0          0         68   dcmpi.o
       688        140          0          0          0        208   ddiv.o
        84          0          0          0          0        136   dflt_clz.o
       120          4          0          0          0         92   dleqf.o
       340         12          0          0          0        104   dmul.o
       156          4          0          0          0         92   dnaninf.o
        12          0          0          0          0         68   dretinf.o
       108          0          0          0          0         80   drleqf.o
       460         56          0          0          0        120   dsqrt_noumaal.o
        86          4          0          0          0         84   f2d.o
       430          8          0          0          0        168   faddsub_clz.o
       388         76          0          0          0         96   fdiv.o
        54          4          0          0          0         84   ffix.o
        48          0          0          0          0         68   fflt_clz.o
       140          4          0          0          0         84   fnaninf.o
        10          0          0          0          0         68   fretinf.o
       100          0          0          0          0         68   retnan.o
        92          0          0          0          0         68   scalbn.o
        48          0          0          0          0         68   trapv.o
         0          0          0          0          0          0   usenofp.o
       544         70        152          0          0        124   atan.o
        68         10          0          0          0        408   dunder.o
        40          0          0          0          0         68   fpclassify.o
       170          0          0          0          0         96   poly.o
      2520        190        136          0          0        324   pow.o
         0          0          8          0          0          0   qnan.o
        76          0          0          0          0         84   sqrt.o

    ----------------------------------------------------------------------
      8716        654        296          0         96       4856   Library Totals
        18          0          0          0          0          0   (incl. Padding)

    ----------------------------------------------------------------------

      Code (inc. data)   RO Data    RW Data    ZI Data      Debug   Library Name

       952         48          0          0         96       1420   c_w.l
      4328        336          0          0          0       2332   fz_ws.l
      3418        270        296          0          0       1104   m_ws.l

    ----------------------------------------------------------------------
      8716        654        296          0         96       4856   Library Totals

    ----------------------------------------------------------------------

==============================================================================


      Code (inc. data)   RO Data    RW Data    ZI Data      Debug   

     16686       1110        610         68       1884     511678   Grand Totals
     16686       1110        610         68       1884     511678   ELF Image Totals
     16686       1110        610         68          0          0   ROM Totals

==============================================================================

    Total RO  Size (Code + RO Data)                17296 (  16.89kB)
    Total RW  Size (RW Data + ZI Data)              1952 (   1.91kB)
    Total ROM Size (Code + RO Data + RW Data)      17364 (  16.96kB)

==============================================================================

